Component: ARM Compiler 5.06 update 6 (build 750) Tool: armlink [4d35ed]

==============================================================================

Section Cross References

    startup_stm32g030xx.o(RESET) refers to startup_stm32g030xx.o(STACK) for __initial_sp
    startup_stm32g030xx.o(RESET) refers to startup_stm32g030xx.o(.text) for Reset_Handler
    startup_stm32g030xx.o(RESET) refers to stm32g0xx_it.o(i.NMI_Handler) for NMI_Handler
    startup_stm32g030xx.o(RESET) refers to stm32g0xx_it.o(i.HardFault_Handler) for HardFault_Handler
    startup_stm32g030xx.o(RESET) refers to stm32g0xx_it.o(i.SVC_Handler) for SVC_Handler
    startup_stm32g030xx.o(RESET) refers to stm32g0xx_it.o(i.PendSV_Handler) for PendSV_Handler
    startup_stm32g030xx.o(RESET) refers to stm32g0xx_it.o(i.SysTick_Handler) for SysTick_Handler
    startup_stm32g030xx.o(RESET) refers to stm32g0xx_it.o(i.USART2_IRQHandler) for USART2_IRQHandler
    startup_stm32g030xx.o(.text) refers to system_stm32g0xx.o(i.SystemInit) for SystemInit
    startup_stm32g030xx.o(.text) refers to entry.o(.ARM.Collect$$$$00000000) for __main
    ec600n.o(i.Connect_AliYun) refers to stm32g0xx_hal.o(i.HAL_Delay) for HAL_Delay
    ec600n.o(i.Connect_AliYun) refers to usart.o(i.Usart_SendString) for Usart_SendString
    ec600n.o(i.Connect_AliYun) refers to ec600n.o(.data) for .data
    ec600n.o(i.PWK_ShutDown) refers to stm32g0xx_hal_gpio.o(i.HAL_GPIO_WritePin) for HAL_GPIO_WritePin
    ec600n.o(i.PWK_ShutDown) refers to stm32g0xx_hal.o(i.HAL_Delay) for HAL_Delay
    ec600n.o(i.PWK_Start) refers to stm32g0xx_hal_gpio.o(i.HAL_GPIO_WritePin) for HAL_GPIO_WritePin
    ec600n.o(i.PWK_Start) refers to stm32g0xx_hal.o(i.HAL_Delay) for HAL_Delay
    ec600n.o(i.Send_Data_To_AliYun) refers to stm32g0xx_hal.o(i.HAL_Delay) for HAL_Delay
    ec600n.o(i.Send_Data_To_AliYun) refers to usart.o(i.Usart_SendString) for Usart_SendString
    ec600n.o(i.Send_Data_To_AliYun) refers to dfltui.o(.text) for __aeabi_ui2d
    ec600n.o(i.Send_Data_To_AliYun) refers to ddiv.o(.text) for __aeabi_ddiv
    ec600n.o(i.Send_Data_To_AliYun) refers to printfa.o(i.__0printf) for __2printf
    ec600n.o(i.Send_Data_To_AliYun) refers to ec600n.o(.data) for .data
    rn7302.o(i.AdjustRegister) refers to spi.o(i.RN7302_Write) for RN7302_Write
    rn7302.o(i.AdjustRegister) refers to rn7302.o(.data) for .data
    rn7302.o(i.EnableRN7302) refers to spi.o(i.RN7302_Write) for RN7302_Write
    rn7302.o(i.EnableRN7302) refers to stm32g0xx_hal.o(i.HAL_Delay) for HAL_Delay
    rn7302.o(i.EnableRN7302) refers to rn7302.o(.data) for .data
    rn7302.o(i.readRegister) refers to spi.o(i.RN7302_Read) for RN7302_Read
    rn7302.o(i.readRegister) refers to uread4.o(.text) for __aeabi_uread4
    rn7302.o(i.readRegister) refers to uidiv.o(.text) for __aeabi_uidivmod
    rn7302.o(i.readRegister) refers to usart.o(i.Usart_SendString) for Usart_SendString
    rn7302.o(i.readRegister) refers to stm32g0xx_hal.o(i.HAL_Delay) for HAL_Delay
    rn7302.o(i.readRegister) refers to dfltui.o(.text) for __aeabi_ui2d
    rn7302.o(i.readRegister) refers to ddiv.o(.text) for __aeabi_ddiv
    rn7302.o(i.readRegister) refers to printfa.o(i.__0printf) for __2printf
    rn7302.o(i.readRegister) refers to rn7302.o(.data) for .data
    main.o(i.SystemClock_Config) refers to memseta.o(.text) for __aeabi_memclr4
    main.o(i.SystemClock_Config) refers to stm32g0xx_hal_pwr_ex.o(i.HAL_PWREx_ControlVoltageScaling) for HAL_PWREx_ControlVoltageScaling
    main.o(i.SystemClock_Config) refers to stm32g0xx_hal_rcc.o(i.HAL_RCC_OscConfig) for HAL_RCC_OscConfig
    main.o(i.SystemClock_Config) refers to stm32g0xx_hal_rcc.o(i.HAL_RCC_ClockConfig) for HAL_RCC_ClockConfig
    main.o(i.main) refers to stm32g0xx_hal.o(i.HAL_Init) for HAL_Init
    main.o(i.main) refers to main.o(i.SystemClock_Config) for SystemClock_Config
    main.o(i.main) refers to gpio.o(i.MX_GPIO_Init) for MX_GPIO_Init
    main.o(i.main) refers to spi.o(i.MX_SPI1_Init) for MX_SPI1_Init
    main.o(i.main) refers to usart.o(i.MX_USART2_UART_Init) for MX_USART2_UART_Init
    main.o(i.main) refers to stm32g0xx_hal_uart.o(i.HAL_UART_Receive_IT) for HAL_UART_Receive_IT
    main.o(i.main) refers to stm32g0xx_hal_gpio.o(i.HAL_GPIO_WritePin) for HAL_GPIO_WritePin
    main.o(i.main) refers to ec600n.o(i.PWK_Start) for PWK_Start
    main.o(i.main) refers to stm32g0xx_hal.o(i.HAL_Delay) for HAL_Delay
    main.o(i.main) refers to usart.o(i.Usart_SendString) for Usart_SendString
    main.o(i.main) refers to ec600n.o(i.Connect_AliYun) for Connect_AliYun
    main.o(i.main) refers to rn7302.o(i.EnableRN7302) for EnableRN7302
    main.o(i.main) refers to rn7302.o(i.AdjustRegister) for AdjustRegister
    main.o(i.main) refers to rn7302.o(i.readRegister) for readRegister
    main.o(i.main) refers to usart.o(.data) for aRxBuffer
    main.o(i.main) refers to usart.o(.bss) for huart2
    main.o(i.main) refers to main.o(.data) for .data
[...]
    printf8.o(i.__0vprintf$8) refers to usart.o(i.fputc) for fputc
    printf8.o(i.__0vprintf$8) refers to stdout.o(.data) for __stdout
    printf8.o(i.__0vsnprintf$8) refers to printf8.o(i._printf_core) for _printf_core
    printf8.o(i.__0vsnprintf$8) refers to printf8.o(i._snputc) for _snputc
    printf8.o(i.__0vsprintf$8) refers to printf8.o(i._printf_core) for _printf_core
    printf8.o(i.__0vsprintf$8) refers to printf8.o(i._sputc) for _sputc
    printf8.o(i._printf_core) refers to printf8.o(i._printf_pre_padding) for _printf_pre_padding
    printf8.o(i._printf_core) refers to printf8.o(i._printf_post_padding) for _printf_post_padding
    printf8.o(i._printf_core) refers to uldiv.o(.text) for __aeabi_uldivmod
    printfa.o(i.__0fprintf) refers (Special) to iusefp.o(.text) for __I$use$fp
    printfa.o(i.__0fprintf) refers to printfa.o(i._printf_core) for _printf_core
    printfa.o(i.__0fprintf) refers to usart.o(i.fputc) for fputc
    printfa.o(i.__0printf) refers (Special) to iusefp.o(.text) for __I$use$fp
    printfa.o(i.__0printf) refers to printfa.o(i._printf_core) for _printf_core
    printfa.o(i.__0printf) refers to usart.o(i.fputc) for fputc
    printfa.o(i.__0printf) refers to stdout.o(.data) for __stdout
    printfa.o(i.__0snprintf) refers (Special) to iusefp.o(.text) for __I$use$fp
    printfa.o(i.__0snprintf) refers to printfa.o(i._printf_core) for _printf_core
    printfa.o(i.__0snprintf) refers to printfa.o(i._snputc) for _snputc
    printfa.o(i.__0sprintf) refers (Special) to iusefp.o(.text) for __I$use$fp
    printfa.o(i.__0sprintf) refers to printfa.o(i._printf_core) for _printf_core
    printfa.o(i.__0sprintf) refers to printfa.o(i._sputc) for _sputc
    printfa.o(i.__0vfprintf) refers (Special) to iusefp.o(.text) for __I$use$fp
    printfa.o(i.__0vfprintf) refers to printfa.o(i._printf_core) for _printf_core
    printfa.o(i.__0vfprintf) refers to usart.o(i.fputc) for fputc
    printfa.o(i.__0vprintf) refers (Special) to iusefp.o(.text) for __I$use$fp
    printfa.o(i.__0vprintf) refers to printfa.o(i._printf_core) for _printf_core
    printfa.o(i.__0vprintf) refers to usart.o(i.fputc) for fputc
    printfa.o(i.__0vprintf) refers to stdout.o(.data) for __stdout
    printfa.o(i.__0vsnprintf) refers (Special) to iusefp.o(.text) for __I$use$fp
    printfa.o(i.__0vsnprintf) refers to printfa.o(i._printf_core) for _printf_core
    printfa.o(i.__0vsnprintf) refers to printfa.o(i._snputc) for _snputc
    printfa.o(i.__0vsprintf) refers (Special) to iusefp.o(.text) for __I$use$fp
    printfa.o(i.__0vsprintf) refers to printfa.o(i._printf_core) for _printf_core
    printfa.o(i.__0vsprintf) refers to printfa.o(i._sputc) for _sputc
    printfa.o(i._fp_digits) refers (Special) to iusefp.o(.text) for __I$use$fp
    printfa.o(i._fp_digits) refers to dmul.o(.text) for __aeabi_dmul
    printfa.o(i._fp_digits) refers to ddiv.o(.text) for __aeabi_ddiv
    printfa.o(i._fp_digits) refers to cdrcmple.o(.text) for __aeabi_cdrcmple
    printfa.o(i._fp_digits) refers to dadd.o(.text) for __aeabi_dadd
    printfa.o(i._fp_digits) refers to dfixul.o(.text) for __aeabi_d2ulz
    printfa.o(i._fp_digits) refers to uldiv.o(.text) for __aeabi_uldivmod
    printfa.o(i._printf_core) refers (Special) to iusefp.o(.text) for __I$use$fp
    printfa.o(i._printf_core) refers to printfa.o(i._printf_pre_padding) for _printf_pre_padding
    printfa.o(i._printf_core) refers to uldiv.o(.text) for __aeabi_uldivmod
    printfa.o(i._printf_core) refers to printfa.o(i._printf_post_padding) for _printf_post_padding
    printfa.o(i._printf_core) refers to printfa.o(i._fp_digits) for _fp_digits
    printfa.o(i._printf_core) refers to uidiv.o(.text) for __aeabi_uidivmod
    printfa.o(i._printf_post_padding) refers (Special) to iusefp.o(.text) for __I$use$fp
    printfa.o(i._printf_pre_padding) refers (Special) to iusefp.o(.text) for __I$use$fp
    printfa.o(i._snputc) refers (Special) to iusefp.o(.text) for __I$use$fp
    printfa.o(i._sputc) refers (Special) to iusefp.o(.text) for __I$use$fp
    ddiv.o(.text) refers (Special) to iusefp.o(.text) for __I$use$fp
    ddiv.o(.text) refers to depilogue.o(.text) for _double_round
    dfltui.o(.text) refers (Special) to iusefp.o(.text) for __I$use$fp
    dfltui.o(.text) refers to depilogue.o(.text) for _double_epilogue
    entry2.o(.ARM.Collect$$$$00000001) refers to entry2.o(.ARM.Collect$$$$00002712) for __lit__00000000
    entry2.o(.ARM.Collect$$$$00002712) refers to startup_stm32g030xx.o(STACK) for __initial_sp
    entry2.o(__vectab_stack_and_reset_area) refers to startup_stm32g030xx.o(STACK) for __initial_sp
    entry2.o(__vectab_stack_and_reset_area) refers to entry.o(.ARM.Collect$$$$00000000) for __main
    entry5.o(.ARM.Collect$$$$00000004) refers to init.o(.text) for __scatterload
    entry9a.o(.ARM.Collect$$$$0000000B) refers to main.o(i.main) for main
    entry9b.o(.ARM.Collect$$$$0000000C) refers to main.o(i.main) for main
    uldiv.o(.text) refers to llushr.o(.text) for __aeabi_llsr
    uldiv.o(.text) refers to llshl.o(.text) for __aeabi_llsl
    depilogue.o(.text) refers to depilogue.o(i.__ARM_clz) for __ARM_clz
    depilogue.o(.text) refers to llshl.o(.text) for __aeabi_llsl
    depilogue.o(.text) refers to llushr.o(.text) for __aeabi_llsr
    dadd.o(.text) refers to llshl.o(.text) for __aeabi_llsl
    dadd.o(.text) refers to llsshr.o(.text) for __aeabi_lasr
    dadd.o(.text) refers to depilogue.o(.text) for _double_epilogue
    dmul.o(.text) refers to depilogue.o(.text) for _double_epilogue
    dfixul.o(.text) refers to llushr.o(.text) for __aeabi_llsr
    dfixul.o(.text) refers to llshl.o(.text) for __aeabi_llsl
    init.o(.text) refers to entry5.o(.ARM.Collect$$$$00000004) for __main_after_scatterload


==============================================================================

Removing Unused input sections from the image.

    Removing startup_stm32g030xx.o(HEAP), (512 bytes).
    Removing ec600n.o(.rev16_text), (4 bytes).
    Removing ec600n.o(.revsh_text), (4 bytes).
    Removing ec600n.o(i.PWK_ShutDown), (68 bytes).
    Removing ec600n.o(i.Send_Data_To_AliYun), (120 bytes).
    Removing ec600n.o(.data), (4 bytes).
    Removing ec600n.o(.data), (4 bytes).
    Removing ec600n.o(.data), (4 bytes).
    Removing ec600n.o(.data), (4 bytes).
    Removing ec600n.o(.data), (4 bytes).
    Removing ec600n.o(.data), (4 bytes).
    Removing rn7302.o(.rev16_text), (4 bytes).
    Removing rn7302.o(.revsh_text), (4 bytes).
    Removing main.o(.rev16_text), (4 bytes).
    Removing main.o(.revsh_text), (4 bytes).
    Removing gpio.o(.rev16_text), (4 bytes).
    Removing gpio.o(.revsh_text), (4 bytes).
    Removing spi.o(.rev16_text), (4 bytes).
    Removing spi.o(.revsh_text), (4 bytes).
    Removing spi.o(i.HAL_SPI_MspDeInit), (40 bytes).
    Removing sys.o(.rev16_text), (4 bytes).
    Removing sys.o(.revsh_text), (4 bytes).
    Removing sys.o(i.MX_SYS_Init), (2 bytes).
    Removing usart.o(.rev16_text), (4 bytes).
    Removing usart.o(.revsh_text), (4 bytes).
    Removing usart.o(i.HAL_UART_MspDeInit), (48 bytes).
    Removing usart.o(i.fgetc), (24 bytes).
    Removing usart.o(.data), (1 bytes).
    Removing stm32g0xx_it.o(.rev16_text), (4 bytes).
    Removing stm32g0xx_it.o(.revsh_text), (4 bytes).
    Removing stm32g0xx_hal_msp.o(.rev16_text), (4 bytes).
    Removing stm32g0xx_hal_msp.o(.revsh_text), (4 bytes).
    Removing stm32g0xx_hal_gpio.o(.rev16_text), (4 bytes).
    Removing stm32g0xx_hal_gpio.o(.revsh_text), (4 bytes).
    Removing stm32g0xx_hal_gpio.o(i.HAL_GPIO_DeInit), (212 bytes).
    Removing stm32g0xx_hal_gpio.o(i.HAL_GPIO_EXTI_Falling_Callback), (2 bytes).
    Removing stm32g0xx_hal_gpio.o(i.HAL_GPIO_EXTI_IRQHandler), (40 bytes).
    Removing stm32g0xx_hal_gpio.o(i.HAL_GPIO_EXTI_Rising_Callback), (2 bytes).
    Removing stm32g0xx_hal_gpio.o(i.HAL_GPIO_LockPin), (36 bytes).
    Removing stm32g0xx_hal_gpio.o(i.HAL_GPIO_ReadPin), (10 bytes).
    Removing stm32g0xx_hal_gpio.o(i.HAL_GPIO_TogglePin), (14 bytes).
    Removing stm32g0xx_hal_spi.o(.rev16_text), (4 bytes).
    Removing stm32g0xx_hal_spi.o(.revsh_text), (4 bytes).
    Removing stm32g0xx_hal_spi.o(i.HAL_SPI_Abort), (372 bytes).
    Removing stm32g0xx_hal_spi.o(i.HAL_SPI_AbortCpltCallback), (2 bytes).
    Removing stm32g0xx_hal_spi.o(i.HAL_SPI_Abort_IT), (308 bytes).
    Removing stm32g0xx_hal_spi.o(i.HAL_SPI_DMAPause), (34 bytes).
    Removing stm32g0xx_hal_spi.o(i.HAL_SPI_DMAResume), (34 bytes).
    Removing stm32g0xx_hal_spi.o(i.HAL_SPI_DMAStop), (72 bytes).
    Removing stm32g0xx_hal_spi.o(i.HAL_SPI_DeInit), (48 bytes).
    Removing stm32g0xx_hal_spi.o(i.HAL_SPI_ErrorCallback), (2 bytes).
    Removing stm32g0xx_hal_spi.o(i.HAL_SPI_GetError), (4 bytes).
    Removing stm32g0xx_hal_spi.o(i.HAL_SPI_GetState), (6 bytes).
    Removing stm32g0xx_hal_spi.o(i.HAL_SPI_IRQHandler), (248 bytes).
    Removing stm32g0xx_hal_spi.o(i.HAL_SPI_MspDeInit), (2 bytes).
    Removing stm32g0xx_hal_spi.o(i.HAL_SPI_MspInit), (2 bytes).
    Removing stm32g0xx_hal_spi.o(i.HAL_SPI_Receive), (352 bytes).
    Removing stm32g0xx_hal_spi.o(i.HAL_SPI_Receive_DMA), (320 bytes).
    Removing stm32g0xx_hal_spi.o(i.HAL_SPI_Receive_IT), (188 bytes).
    Removing stm32g0xx_hal_spi.o(i.HAL_SPI_RxCpltCallback), (2 bytes).
    Removing stm32g0xx_hal_spi.o(i.HAL_SPI_RxHalfCpltCallback), (2 bytes).
    Removing stm32g0xx_hal_spi.o(i.HAL_SPI_Transmit), (384 bytes).
    Removing stm32g0xx_hal_spi.o(i.HAL_SPI_TransmitReceive_DMA), (444 bytes).
    Removing stm32g0xx_hal_spi.o(i.HAL_SPI_TransmitReceive_IT), (204 bytes).
    Removing stm32g0xx_hal_spi.o(i.HAL_SPI_Transmit_DMA), (264 bytes).
    Removing stm32g0xx_hal_spi.o(i.HAL_SPI_Transmit_IT), (148 bytes).
    Removing stm32g0xx_hal_spi.o(i.HAL_SPI_TxCpltCallback), (2 bytes).
    Removing stm32g0xx_hal_spi.o(i.HAL_SPI_TxHalfCpltCallback), (2 bytes).
    Removing stm32g0xx_hal_spi.o(i.HAL_SPI_TxRxCpltCallback), (2 bytes).
    Removing stm32g0xx_hal_spi.o(i.HAL_SPI_TxRxHalfCpltCallback), (2 bytes).
    Removing stm32g0xx_hal_spi.o(i.SPI_2linesRxISR_16BIT), (54 bytes).
    Removing stm32g0xx_hal_spi.o(i.SPI_2linesRxISR_8BIT), (96 bytes).
    Removing stm32g0xx_hal_spi.o(i.SPI_2linesTxISR_16BIT), (52 bytes).
    Removing stm32g0xx_hal_spi.o(i.SPI_2linesTxISR_8BIT), (74 bytes).
    Removing stm32g0xx_hal_spi.o(i.SPI_AbortRx_ISR), (132 bytes).
    Removing stm32g0xx_hal_spi.o(i.SPI_AbortTx_ISR), (220 bytes).
    Removing stm32g0xx_hal_spi.o(i.SPI_CloseRxTx_ISR), (82 bytes).
    Removing stm32g0xx_hal_spi.o(i.SPI_CloseRx_ISR), (66 bytes).
    Removing stm32g0xx_hal_spi.o(i.SPI_CloseTx_ISR), (80 bytes).
    Removing stm32g0xx_hal_spi.o(i.SPI_DMAAbortOnError), (18 bytes).
    Removing stm32g0xx_hal_spi.o(i.SPI_DMAError), (34 bytes).
    Removing stm32g0xx_hal_spi.o(i.SPI_DMAHalfReceiveCplt), (10 bytes).
    Removing stm32g0xx_hal_spi.o(i.SPI_DMAHalfTransmitCplt), (10 bytes).
    Removing stm32g0xx_hal_spi.o(i.SPI_DMAHalfTransmitReceiveCplt), (10 bytes).
    Removing stm32g0xx_hal_spi.o(i.SPI_DMAReceiveCplt), (88 bytes).
    Removing stm32g0xx_hal_spi.o(i.SPI_DMARxAbortCallback), (134 bytes).
    Removing stm32g0xx_hal_spi.o(i.SPI_DMATransmitCplt), (104 bytes).
    Removing stm32g0xx_hal_spi.o(i.SPI_DMATransmitReceiveCplt), (94 bytes).
    Removing stm32g0xx_hal_spi.o(i.SPI_DMATxAbortCallback), (128 bytes).
    Removing stm32g0xx_hal_spi.o(i.SPI_EndRxTransaction), (120 bytes).
    Removing stm32g0xx_hal_spi.o(i.SPI_RxISR_16BIT), (38 bytes).
    Removing stm32g0xx_hal_spi.o(i.SPI_RxISR_8BIT), (38 bytes).
    Removing stm32g0xx_hal_spi.o(i.SPI_TxISR_16BIT), (34 bytes).
    Removing stm32g0xx_hal_spi.o(i.SPI_TxISR_8BIT), (34 bytes).
    Removing stm32g0xx_hal_spi_ex.o(.rev16_text), (4 bytes).
    Removing stm32g0xx_hal_spi_ex.o(.revsh_text), (4 bytes).
    Removing stm32g0xx_hal_spi_ex.o(i.HAL_SPIEx_FlushRxFifo), (36 bytes).
    Removing stm32g0xx_hal_rcc.o(.rev16_text), (4 bytes).
    Removing stm32g0xx_hal_rcc.o(.revsh_text), (4 bytes).
    Removing stm32g0xx_hal_rcc.o(i.HAL_RCC_CSSCallback), (2 bytes).
    Removing stm32g0xx_hal_rcc.o(i.HAL_RCC_DeInit), (164 bytes).
    Removing stm32g0xx_hal_rcc.o(i.HAL_RCC_DisableLSECSS), (16 bytes).
    Removing stm32g0xx_hal_rcc.o(i.HAL_RCC_EnableCSS), (20 bytes).
    Removing stm32g0xx_hal_rcc.o(i.HAL_RCC_EnableLSECSS), (16 bytes).
    Removing stm32g0xx_hal_rcc.o(i.HAL_RCC_GetClockConfig), (56 bytes).
    Removing stm32g0xx_hal_rcc.o(i.HAL_RCC_GetHCLKFreq), (12 bytes).
    Removing stm32g0xx_hal_rcc.o(i.HAL_RCC_GetOscConfig), (176 bytes).
    Removing stm32g0xx_hal_rcc.o(i.HAL_RCC_LSECSSCallback), (2 bytes).
    Removing stm32g0xx_hal_rcc.o(i.HAL_RCC_MCOConfig), (76 bytes).
    Removing stm32g0xx_hal_rcc.o(i.HAL_RCC_NMI_IRQHandler), (36 bytes).
    Removing stm32g0xx_hal_rcc_ex.o(.rev16_text), (4 bytes).
    Removing stm32g0xx_hal_rcc_ex.o(.revsh_text), (4 bytes).
    Removing stm32g0xx_hal_rcc_ex.o(i.HAL_RCCEx_DisableLSCO), (92 bytes).
    Removing stm32g0xx_hal_rcc_ex.o(i.HAL_RCCEx_EnableLSCO), (140 bytes).
    Removing stm32g0xx_hal_rcc_ex.o(i.HAL_RCCEx_GetPeriphCLKConfig), (60 bytes).
    Removing stm32g0xx_hal_rcc_ex.o(i.HAL_RCCEx_GetPeriphCLKFreq), (352 bytes).
    Removing stm32g0xx_hal_rcc_ex.o(i.HAL_RCCEx_PeriphCLKConfig), (332 bytes).
    Removing stm32g0xx_hal_flash.o(.rev16_text), (4 bytes).
    Removing stm32g0xx_hal_flash.o(.revsh_text), (4 bytes).
    Removing stm32g0xx_hal_flash.o(i.FLASH_Program_DoubleWord), (28 bytes).
    Removing stm32g0xx_hal_flash.o(i.FLASH_Program_Fast), (52 bytes).
    Removing stm32g0xx_hal_flash.o(i.FLASH_WaitForLastOperation), (116 bytes).
    Removing stm32g0xx_hal_flash.o(i.HAL_FLASH_EndOfOperationCallback), (2 bytes).
    Removing stm32g0xx_hal_flash.o(i.HAL_FLASH_GetError), (12 bytes).
    Removing stm32g0xx_hal_flash.o(i.HAL_FLASH_IRQHandler), (188 bytes).
    Removing stm32g0xx_hal_flash.o(i.HAL_FLASH_Lock), (28 bytes).
    Removing stm32g0xx_hal_flash.o(i.HAL_FLASH_OB_Launch), (20 bytes).
    Removing stm32g0xx_hal_flash.o(i.HAL_FLASH_OB_Lock), (28 bytes).
    Removing stm32g0xx_hal_flash.o(i.HAL_FLASH_OB_Unlock), (40 bytes).
    Removing stm32g0xx_hal_flash.o(i.HAL_FLASH_OperationErrorCallback), (2 bytes).
    Removing stm32g0xx_hal_flash.o(i.HAL_FLASH_Program), (96 bytes).
    Removing stm32g0xx_hal_flash.o(i.HAL_FLASH_Program_IT), (112 bytes).
    Removing stm32g0xx_hal_flash.o(i.HAL_FLASH_Unlock), (40 bytes).
    Removing stm32g0xx_hal_flash.o(.bss), (24 bytes).
    Removing stm32g0xx_hal_flash_ex.o(.rev16_text), (4 bytes).
    Removing stm32g0xx_hal_flash_ex.o(.revsh_text), (4 bytes).
    Removing stm32g0xx_hal_flash_ex.o(i.FLASH_FlushCaches), (44 bytes).
    Removing stm32g0xx_hal_flash_ex.o(i.FLASH_MassErase), (20 bytes).
    Removing stm32g0xx_hal_flash_ex.o(i.FLASH_OB_GetRDP), (24 bytes).
    Removing stm32g0xx_hal_flash_ex.o(i.FLASH_OB_GetUser), (20 bytes).
    Removing stm32g0xx_hal_flash_ex.o(i.FLASH_OB_OptrConfig), (24 bytes).
    Removing stm32g0xx_hal_flash_ex.o(i.FLASH_PageErase), (32 bytes).
    Removing stm32g0xx_hal_flash_ex.o(i.HAL_FLASHEx_Erase), (128 bytes).
    Removing stm32g0xx_hal_flash_ex.o(i.HAL_FLASHEx_Erase_IT), (96 bytes).
    Removing stm32g0xx_hal_flash_ex.o(i.HAL_FLASHEx_FlashEmptyCheck), (16 bytes).
    Removing stm32g0xx_hal_flash_ex.o(i.HAL_FLASHEx_ForceFlashEmpty), (20 bytes).
    Removing stm32g0xx_hal_flash_ex.o(i.HAL_FLASHEx_OBGetConfig), (72 bytes).
    Removing stm32g0xx_hal_flash_ex.o(i.HAL_FLASHEx_OBProgram), (152 bytes).
    Removing stm32g0xx_hal_dma.o(.rev16_text), (4 bytes).
    Removing stm32g0xx_hal_dma.o(.revsh_text), (4 bytes).
    Removing stm32g0xx_hal_dma.o(i.DMA_CalcDMAMUXChannelBaseAndMask), (48 bytes).
    Removing stm32g0xx_hal_dma.o(i.DMA_CalcDMAMUXRequestGenBaseAndMask), (36 bytes).
    Removing stm32g0xx_hal_dma.o(i.DMA_SetConfig), (72 bytes).
    Removing stm32g0xx_hal_dma.o(i.HAL_DMA_Abort), (116 bytes).
    Removing stm32g0xx_hal_dma.o(i.HAL_DMA_DeInit), (132 bytes).
    Removing stm32g0xx_hal_dma.o(i.HAL_DMA_GetError), (4 bytes).
    Removing stm32g0xx_hal_dma.o(i.HAL_DMA_GetState), (6 bytes).
    Removing stm32g0xx_hal_dma.o(i.HAL_DMA_IRQHandler), (184 bytes).
    Removing stm32g0xx_hal_dma.o(i.HAL_DMA_Init), (160 bytes).
    Removing stm32g0xx_hal_dma.o(i.HAL_DMA_PollForTransfer), (272 bytes).
    Removing stm32g0xx_hal_dma.o(i.HAL_DMA_RegisterCallback), (72 bytes).
    Removing stm32g0xx_hal_dma.o(i.HAL_DMA_Start), (80 bytes).
    Removing stm32g0xx_hal_dma.o(i.HAL_DMA_Start_IT), (144 bytes).
    Removing stm32g0xx_hal_dma.o(i.HAL_DMA_UnRegisterCallback), (78 bytes).
    Removing stm32g0xx_hal_dma_ex.o(.rev16_text), (4 bytes).
    Removing stm32g0xx_hal_dma_ex.o(.revsh_text), (4 bytes).
    Removing stm32g0xx_hal_dma_ex.o(i.HAL_DMAEx_ConfigMuxRequestGenerator), (60 bytes).
    Removing stm32g0xx_hal_dma_ex.o(i.HAL_DMAEx_ConfigMuxSync), (78 bytes).
    Removing stm32g0xx_hal_dma_ex.o(i.HAL_DMAEx_DisableMuxRequestGenerator), (32 bytes).
    Removing stm32g0xx_hal_dma_ex.o(i.HAL_DMAEx_EnableMuxRequestGenerator), (32 bytes).
    Removing stm32g0xx_hal_dma_ex.o(i.HAL_DMAEx_MUX_IRQHandler), (104 bytes).
    Removing stm32g0xx_hal_pwr.o(.rev16_text), (4 bytes).
    Removing stm32g0xx_hal_pwr.o(.revsh_text), (4 bytes).
    Removing stm32g0xx_hal_pwr.o(i.HAL_PWR_DeInit), (24 bytes).
    Removing stm32g0xx_hal_pwr.o(i.HAL_PWR_DisableBkUpAccess), (16 bytes).
    Removing stm32g0xx_hal_pwr.o(i.HAL_PWR_DisableSEVOnPend), (16 bytes).
    Removing stm32g0xx_hal_pwr.o(i.HAL_PWR_DisableSleepOnExit), (16 bytes).
    Removing stm32g0xx_hal_pwr.o(i.HAL_PWR_DisableWakeUpPin), (20 bytes).
    Removing stm32g0xx_hal_pwr.o(i.HAL_PWR_EnableBkUpAccess), (16 bytes).
    Removing stm32g0xx_hal_pwr.o(i.HAL_PWR_EnableSEVOnPend), (16 bytes).
    Removing stm32g0xx_hal_pwr.o(i.HAL_PWR_EnableSleepOnExit), (16 bytes).
    Removing stm32g0xx_hal_pwr.o(i.HAL_PWR_EnableWakeUpPin), (28 bytes).
    Removing stm32g0xx_hal_pwr.o(i.HAL_PWR_EnterSLEEPMode), (68 bytes).
    Removing stm32g0xx_hal_pwr.o(i.HAL_PWR_EnterSTANDBYMode), (36 bytes).
    Removing stm32g0xx_hal_pwr.o(i.HAL_PWR_EnterSTOPMode), (64 bytes).
    Removing stm32g0xx_hal_pwr_ex.o(.rev16_text), (4 bytes).
    Removing stm32g0xx_hal_pwr_ex.o(.revsh_text), (4 bytes).
    Removing stm32g0xx_hal_pwr_ex.o(i.HAL_PWREx_DisableBatteryCharging), (16 bytes).
    Removing stm32g0xx_hal_pwr_ex.o(i.HAL_PWREx_DisableFlashPowerDown), (16 bytes).
    Removing stm32g0xx_hal_pwr_ex.o(i.HAL_PWREx_DisableGPIOPullDown), (80 bytes).
    Removing stm32g0xx_hal_pwr_ex.o(i.HAL_PWREx_DisableGPIOPullUp), (80 bytes).
    Removing stm32g0xx_hal_pwr_ex.o(i.HAL_PWREx_DisableInternalWakeUpLine), (16 bytes).
    Removing stm32g0xx_hal_pwr_ex.o(i.HAL_PWREx_DisableLowPowerRunMode), (64 bytes).
    Removing stm32g0xx_hal_pwr_ex.o(i.HAL_PWREx_DisablePullUpPullDownConfig), (16 bytes).
    Removing stm32g0xx_hal_pwr_ex.o(i.HAL_PWREx_EnableBatteryCharging), (24 bytes).
    Removing stm32g0xx_hal_pwr_ex.o(i.HAL_PWREx_EnableFlashPowerDown), (16 bytes).
    Removing stm32g0xx_hal_pwr_ex.o(i.HAL_PWREx_EnableGPIOPullDown), (116 bytes).
    Removing stm32g0xx_hal_pwr_ex.o(i.HAL_PWREx_EnableGPIOPullUp), (116 bytes).
    Removing stm32g0xx_hal_pwr_ex.o(i.HAL_PWREx_EnableInternalWakeUpLine), (16 bytes).
    Removing stm32g0xx_hal_pwr_ex.o(i.HAL_PWREx_EnableLowPowerRunMode), (16 bytes).
    Removing stm32g0xx_hal_pwr_ex.o(i.HAL_PWREx_EnablePullUpPullDownConfig), (16 bytes).
    Removing stm32g0xx_hal_pwr_ex.o(i.HAL_PWREx_GetVoltageRange), (16 bytes).
    Removing stm32g0xx_hal_cortex.o(.rev16_text), (4 bytes).
    Removing stm32g0xx_hal_cortex.o(.revsh_text), (4 bytes).
    Removing stm32g0xx_hal_cortex.o(i.HAL_MPU_ConfigRegion), (84 bytes).
    Removing stm32g0xx_hal_cortex.o(i.HAL_MPU_Disable), (16 bytes).
    Removing stm32g0xx_hal_cortex.o(i.HAL_MPU_Enable), (24 bytes).
    Removing stm32g0xx_hal_cortex.o(i.HAL_NVIC_ClearPendingIRQ), (24 bytes).
    Removing stm32g0xx_hal_cortex.o(i.HAL_NVIC_DisableIRQ), (32 bytes).
    Removing stm32g0xx_hal_cortex.o(i.HAL_NVIC_GetPendingIRQ), (32 bytes).
    Removing stm32g0xx_hal_cortex.o(i.HAL_NVIC_GetPriority), (52 bytes).
    Removing stm32g0xx_hal_cortex.o(i.HAL_NVIC_SetPendingIRQ), (24 bytes).
    Removing stm32g0xx_hal_cortex.o(i.HAL_NVIC_SystemReset), (28 bytes).
    Removing stm32g0xx_hal_cortex.o(i.HAL_SYSTICK_CLKSourceConfig), (24 bytes).
    Removing stm32g0xx_hal_cortex.o(i.HAL_SYSTICK_Callback), (2 bytes).
    Removing stm32g0xx_hal_cortex.o(i.HAL_SYSTICK_IRQHandler), (8 bytes).
    Removing stm32g0xx_hal.o(.rev16_text), (4 bytes).
    Removing stm32g0xx_hal.o(.revsh_text), (4 bytes).
    Removing stm32g0xx_hal.o(i.HAL_DBGMCU_DisableDBGStandbyMode), (16 bytes).
    Removing stm32g0xx_hal.o(i.HAL_DBGMCU_DisableDBGStopMode), (16 bytes).
    Removing stm32g0xx_hal.o(i.HAL_DBGMCU_EnableDBGStandbyMode), (16 bytes).
    Removing stm32g0xx_hal.o(i.HAL_DBGMCU_EnableDBGStopMode), (16 bytes).
    Removing stm32g0xx_hal.o(i.HAL_DeInit), (40 bytes).
    Removing stm32g0xx_hal.o(i.HAL_GetDEVID), (16 bytes).
    Removing stm32g0xx_hal.o(i.HAL_GetHalVersion), (8 bytes).
    Removing stm32g0xx_hal.o(i.HAL_GetREVID), (12 bytes).
    Removing stm32g0xx_hal.o(i.HAL_GetTickFreq), (12 bytes).
    Removing stm32g0xx_hal.o(i.HAL_GetTickPrio), (12 bytes).
    Removing stm32g0xx_hal.o(i.HAL_GetUIDw0), (12 bytes).
    Removing stm32g0xx_hal.o(i.HAL_GetUIDw1), (12 bytes).
    Removing stm32g0xx_hal.o(i.HAL_GetUIDw2), (12 bytes).
    Removing stm32g0xx_hal.o(i.HAL_MspDeInit), (2 bytes).
    Removing stm32g0xx_hal.o(i.HAL_MspInit), (2 bytes).
    Removing stm32g0xx_hal.o(i.HAL_ResumeTick), (16 bytes).
    Removing stm32g0xx_hal.o(i.HAL_SYSCFG_DisableClampingDiode), (16 bytes).
    Removing stm32g0xx_hal.o(i.HAL_SYSCFG_DisableIOAnalogSwitchBooster), (16 bytes).
    Removing stm32g0xx_hal.o(i.HAL_SYSCFG_DisableRemap), (16 bytes).
    Removing stm32g0xx_hal.o(i.HAL_SYSCFG_EnableClampingDiode), (16 bytes).
    Removing stm32g0xx_hal.o(i.HAL_SYSCFG_EnableIOAnalogSwitchBooster), (16 bytes).
    Removing stm32g0xx_hal.o(i.HAL_SYSCFG_EnableRemap), (16 bytes).
    Removing stm32g0xx_hal.o(i.HAL_SetTickFreq), (32 bytes).
    Removing stm32g0xx_hal.o(i.HAL_SuspendTick), (16 bytes).
    Removing stm32g0xx_hal_exti.o(.rev16_text), (4 bytes).
    Removing stm32g0xx_hal_exti.o(.revsh_text), (4 bytes).
    Removing stm32g0xx_hal_exti.o(i.HAL_EXTI_ClearConfigLine), (120 bytes).
    Removing stm32g0xx_hal_exti.o(i.HAL_EXTI_ClearPending), (40 bytes).
    Removing stm32g0xx_hal_exti.o(i.HAL_EXTI_GenerateSWI), (28 bytes).
    Removing stm32g0xx_hal_exti.o(i.HAL_EXTI_GetConfigLine), (168 bytes).
    Removing stm32g0xx_hal_exti.o(i.HAL_EXTI_GetHandle), (14 bytes).
    Removing stm32g0xx_hal_exti.o(i.HAL_EXTI_GetPending), (44 bytes).
    Removing stm32g0xx_hal_exti.o(i.HAL_EXTI_IRQHandler), (68 bytes).
    Removing stm32g0xx_hal_exti.o(i.HAL_EXTI_RegisterCallback), (30 bytes).
    Removing stm32g0xx_hal_exti.o(i.HAL_EXTI_SetConfigLine), (172 bytes).
    Removing stm32g0xx_hal_tim.o(.rev16_text), (4 bytes).
    Removing stm32g0xx_hal_tim.o(.revsh_text), (4 bytes).
    Removing stm32g0xx_hal_tim_ex.o(.rev16_text), (4 bytes).
    Removing stm32g0xx_hal_tim_ex.o(.revsh_text), (4 bytes).
    Removing stm32g0xx_hal_uart.o(.rev16_text), (4 bytes).
    Removing stm32g0xx_hal_uart.o(.revsh_text), (4 bytes).
    Removing stm32g0xx_hal_uart.o(i.HAL_HalfDuplex_EnableReceiver), (58 bytes).
    Removing stm32g0xx_hal_uart.o(i.HAL_HalfDuplex_EnableTransmitter), (58 bytes).
    Removing stm32g0xx_hal_uart.o(i.HAL_HalfDuplex_Init), (122 bytes).
    Removing stm32g0xx_hal_uart.o(i.HAL_LIN_Init), (152 bytes).
    Removing stm32g0xx_hal_uart.o(i.HAL_LIN_SendBreak), (48 bytes).
    Removing stm32g0xx_hal_uart.o(i.HAL_MultiProcessor_DisableMuteMode), (50 bytes).
    Removing stm32g0xx_hal_uart.o(i.HAL_MultiProcessor_EnableMuteMode), (50 bytes).
    Removing stm32g0xx_hal_uart.o(i.HAL_MultiProcessor_EnterMuteMode), (12 bytes).
    Removing stm32g0xx_hal_uart.o(i.HAL_MultiProcessor_Init), (148 bytes).
    Removing stm32g0xx_hal_uart.o(i.HAL_UART_Abort), (188 bytes).
    Removing stm32g0xx_hal_uart.o(i.HAL_UART_AbortCpltCallback), (2 bytes).
    Removing stm32g0xx_hal_uart.o(i.HAL_UART_AbortReceive), (120 bytes).
    Removing stm32g0xx_hal_uart.o(i.HAL_UART_AbortReceiveCpltCallback), (2 bytes).
    Removing stm32g0xx_hal_uart.o(i.HAL_UART_AbortReceive_IT), (132 bytes).
    Removing stm32g0xx_hal_uart.o(i.HAL_UART_AbortTransmit), (116 bytes).
    Removing stm32g0xx_hal_uart.o(i.HAL_UART_AbortTransmitCpltCallback), (2 bytes).
    Removing stm32g0xx_hal_uart.o(i.HAL_UART_AbortTransmit_IT), (128 bytes).
    Removing stm32g0xx_hal_uart.o(i.HAL_UART_Abort_IT), (232 bytes).
    Removing stm32g0xx_hal_uart.o(i.HAL_UART_DMAPause), (96 bytes).
    Removing stm32g0xx_hal_uart.o(i.HAL_UART_DMAResume), (90 bytes).
    Removing stm32g0xx_hal_uart.o(i.HAL_UART_DMAStop), (126 bytes).
    Removing stm32g0xx_hal_uart.o(i.HAL_UART_DeInit), (64 bytes).
    Removing stm32g0xx_hal_uart.o(i.HAL_UART_GetError), (6 bytes).
    Removing stm32g0xx_hal_uart.o(i.HAL_UART_GetState), (12 bytes).
    Removing stm32g0xx_hal_uart.o(i.HAL_UART_MspDeInit), (2 bytes).
    Removing stm32g0xx_hal_uart.o(i.HAL_UART_MspInit), (2 bytes).
    Removing stm32g0xx_hal_uart.o(i.HAL_UART_Receive), (280 bytes).
    Removing stm32g0xx_hal_uart.o(i.HAL_UART_Receive_DMA), (188 bytes).
    Removing stm32g0xx_hal_uart.o(i.HAL_UART_RxCpltCallback), (2 bytes).
    Removing stm32g0xx_hal_uart.o(i.HAL_UART_RxHalfCpltCallback), (2 bytes).
    Removing stm32g0xx_hal_uart.o(i.HAL_UART_Transmit_DMA), (180 bytes).
    Removing stm32g0xx_hal_uart.o(i.HAL_UART_Transmit_IT), (172 bytes).
    Removing stm32g0xx_hal_uart.o(i.HAL_UART_TxHalfCpltCallback), (2 bytes).
    Removing stm32g0xx_hal_uart.o(i.UART_DMAError), (78 bytes).
    Removing stm32g0xx_hal_uart.o(i.UART_DMAReceiveCplt), (64 bytes).
    Removing stm32g0xx_hal_uart.o(i.UART_DMARxAbortCallback), (62 bytes).
    Removing stm32g0xx_hal_uart.o(i.UART_DMARxHalfCplt), (10 bytes).
    Removing stm32g0xx_hal_uart.o(i.UART_DMARxOnlyAbortCallback), (38 bytes).
    Removing stm32g0xx_hal_uart.o(i.UART_DMATransmitCplt), (48 bytes).
    Removing stm32g0xx_hal_uart.o(i.UART_DMATxAbortCallback), (72 bytes).
    Removing stm32g0xx_hal_uart.o(i.UART_DMATxHalfCplt), (10 bytes).
    Removing stm32g0xx_hal_uart.o(i.UART_DMATxOnlyAbortCallback), (42 bytes).
    Removing stm32g0xx_hal_uart.o(i.UART_EndTxTransfer), (30 bytes).
    Removing stm32g0xx_hal_uart.o(i.UART_TxISR_16BIT), (66 bytes).
    Removing stm32g0xx_hal_uart.o(i.UART_TxISR_16BIT_FIFOEN), (88 bytes).
    Removing stm32g0xx_hal_uart.o(i.UART_TxISR_8BIT), (62 bytes).
    Removing stm32g0xx_hal_uart.o(i.UART_TxISR_8BIT_FIFOEN), (84 bytes).
    Removing stm32g0xx_hal_uart_ex.o(.rev16_text), (4 bytes).
    Removing stm32g0xx_hal_uart_ex.o(.revsh_text), (4 bytes).
    Removing stm32g0xx_hal_uart_ex.o(i.HAL_MultiProcessorEx_AddressLength_Set), (54 bytes).
    Removing stm32g0xx_hal_uart_ex.o(i.HAL_RS485Ex_Init), (148 bytes).
    Removing stm32g0xx_hal_uart_ex.o(i.HAL_UARTEx_DisableFifoMode), (66 bytes).
    Removing stm32g0xx_hal_uart_ex.o(i.HAL_UARTEx_DisableStopMode), (34 bytes).
    Removing stm32g0xx_hal_uart_ex.o(i.HAL_UARTEx_EnableFifoMode), (66 bytes).
    Removing stm32g0xx_hal_uart_ex.o(i.HAL_UARTEx_EnableStopMode), (34 bytes).
    Removing stm32g0xx_hal_uart_ex.o(i.HAL_UARTEx_SetRxFifoThreshold), (78 bytes).
    Removing stm32g0xx_hal_uart_ex.o(i.HAL_UARTEx_SetTxFifoThreshold), (76 bytes).
    Removing stm32g0xx_hal_uart_ex.o(i.HAL_UARTEx_StopModeWakeUpSourceConfig), (160 bytes).
    Removing stm32g0xx_hal_uart_ex.o(i.UARTEx_SetNbDataToProcess), (96 bytes).
    Removing system_stm32g0xx.o(.rev16_text), (4 bytes).
    Removing system_stm32g0xx.o(.revsh_text), (4 bytes).
    Removing system_stm32g0xx.o(i.SystemCoreClockUpdate), (144 bytes).
    Removing stm32g0xx_hal_dma.o(i.__ARM_common_switch8), (26 bytes).

322 unused section(s) (total 18251 bytes) removed from the image.

==============================================================================

Image Symbol Table

    Local Symbols

    Symbol Name                              Value     Ov Type        Size  Object(Section)

    ../Core/Src/gpio.c                       0x00000000   Number         0  gpio.o ABSOLUTE
    ../Core/Src/main.c                       0x00000000   Number         0  main.o ABSOLUTE
    ../Core/Src/spi.c                        0x00000000   Number         0  spi.o ABSOLUTE
    ../Core/Src/stm32g0xx_hal_msp.c          0x00000000   Number         0  stm32g0xx_hal_msp.o ABSOLUTE
    ../Core/Src/stm32g0xx_it.c               0x00000000   Number         0  stm32g0xx_it.o ABSOLUTE
    ../Core/Src/sys.c                        0x00000000   Number         0  sys.o ABSOLUTE
    ../Core/Src/system_stm32g0xx.c           0x00000000   Number         0  system_stm32g0xx.o ABSOLUTE
    ../Core/Src/usart.c                      0x00000000   Number         0  usart.o ABSOLUTE
    ../Drivers/STM32G0xx_HAL_Driver/Src/stm32g0xx_hal.c 0x00000000   Number         0  stm32g0xx_hal.o ABSOLUTE
    ../Drivers/STM32G0xx_HAL_Driver/Src/stm32g0xx_hal_cortex.c 0x00000000   Number         0  stm32g0xx_hal_cortex.o ABSOLUTE
    ../Drivers/STM32G0xx_HAL_Driver/Src/stm32g0xx_hal_dma.c 0x00000000   Number         0  stm32g0xx_hal_dma.o ABSOLUTE
    ../Drivers/STM32G0xx_HAL_Driver/Src/stm32g0xx_hal_dma_ex.c 0x00000000   Number         0  stm32g0xx_hal_dma_ex.o ABSOLUTE
    ../Drivers/STM32G0xx_HAL_Driver/Src/stm32g0xx_hal_exti.c 0x00000000   Number         0  stm32g0xx_hal_exti.o ABSOLUTE
    ../Drivers/STM32G0xx_HAL_Driver/Src/stm32g0xx_hal_flash.c 0x00000000   Number         0  stm32g0xx_hal_flash.o ABSOLUTE
    ../Drivers/STM32G0xx_HAL_Driver/Src/stm32g0xx_hal_flash_ex.c 0x00000000   Number         0  stm32g0xx_hal_flash_ex.o ABSOLUTE
    ../Drivers/STM32G0xx_HAL_Driver/Src/stm32g0xx_hal_gpio.c 0x00000000   Number         0  stm32g0xx_hal_gpio.o ABSOLUTE
    ../Drivers/STM32G0xx_HAL_Driver/Src/stm32g0xx_hal_pwr.c 0x00000000   Number         0  stm32g0xx_hal_pwr.o ABSOLUTE
    ../Drivers/STM32G0xx_HAL_Driver/Src/stm32g0xx_hal_pwr_ex.c 0x00000000   Number         0  stm32g0xx_hal_pwr_ex.o ABSOLUTE
    ../Drivers/STM32G0xx_HAL_Driver/Src/stm32g0xx_hal_rcc.c 0x00000000   Number         0  stm32g0xx_hal_rcc.o ABSOLUTE
    ../Drivers/STM32G0xx_HAL_Driver/Src/stm32g0xx_hal_rcc_ex.c 0x00000000   Number         0  stm32g0xx_hal_rcc_ex.o ABSOLUTE
    ../Drivers/STM32G0xx_HAL_Driver/Src/stm32g0xx_hal_spi.c 0x00000000   Number         0  stm32g0xx_hal_spi.o ABSOLUTE
    ../Drivers/STM32G0xx_HAL_Driver/Src/stm32g0xx_hal_spi_ex.c 0x00000000   Number         0  stm32g0xx_hal_spi_ex.o ABSOLUTE
    ../Drivers/STM32G0xx_HAL_Driver/Src/stm32g0xx_hal_tim.c 0x00000000   Number         0  stm32g0xx_hal_tim.o ABSOLUTE
    ../Drivers/STM32G0xx_HAL_Driver/Src/stm32g0xx_hal_tim_ex.c 0x00000000   Number         0  stm32g0xx_hal_tim_ex.o ABSOLUTE
    ../Drivers/STM32G0xx_HAL_Driver/Src/stm32g0xx_hal_uart.c 0x00000000   Number         0  stm32g0xx_hal_uart.o ABSOLUTE
    ../Drivers/STM32G0xx_HAL_Driver/Src/stm32g0xx_hal_uart_ex.c 0x00000000   Number         0  stm32g0xx_hal_uart_ex.o ABSOLUTE
    ../Drivers/STM32G0xx_HAL_Driver/Src/stm32g0xx_ll_rcc.c 0x00000000   Number         0  stm32g0xx_ll_rcc.o ABSOLUTE
    ../clib/../cmprslib/zerorunl2.c          0x00000000   Number         0  __dczerorl2.o ABSOLUTE
    ../clib/microlib/division.c              0x00000000   Number         0  uldiv.o ABSOLUTE
    ../clib/microlib/division.c              0x00000000   Number         0  uidiv.o ABSOLUTE
    ../clib/microlib/init/entry.s            0x00000000   Number         0  entry7a.o ABSOLUTE
    ../clib/microlib/init/entry.s            0x00000000   Number         0  entry5.o ABSOLUTE
    ../clib/microlib/init/entry.s            0x00000000   Number         0  entry2.o ABSOLUTE
    ../clib/microlib/init/entry.s            0x00000000   Number         0  entry.o ABSOLUTE
    ../clib/microlib/init/entry.s            0x00000000   Number         0  entry11b.o ABSOLUTE
    ../clib/microlib/init/entry.s            0x00000000   Number         0  entry11a.o ABSOLUTE
    ../clib/microlib/init/entry.s            0x00000000   Number         0  entry10b.o ABSOLUTE
    ../clib/microlib/init/entry.s            0x00000000   Number         0  entry10a.o ABSOLUTE
    ../clib/microlib/init/entry.s            0x00000000   Number         0  entry9b.o ABSOLUTE
    ../clib/microlib/init/entry.s            0x00000000   Number         0  entry9a.o ABSOLUTE
    ../clib/microlib/init/entry.s            0x00000000   Number         0  entry8b.o ABSOLUTE
    ../clib/microlib/init/entry.s            0x00000000   Number         0  entry8a.o ABSOLUTE
    ../clib/microlib/init/entry.s            0x00000000   Number         0  entry7b.o ABSOLUTE
    ../clib/microlib/longlong.c              0x00000000   Number         0  llsshr.o ABSOLUTE
    ../clib/microlib/longlong.c              0x00000000   Number         0  llshl.o ABSOLUTE
    ../clib/microlib/longlong.c              0x00000000   Number         0  llushr.o ABSOLUTE
    ../clib/microlib/printf/printf.c         0x00000000   Number         0  printf0.o ABSOLUTE
    ../clib/microlib/printf/printf.c         0x00000000   Number         0  printf2.o ABSOLUTE
    ../clib/microlib/printf/printf.c         0x00000000   Number         0  printf4.o ABSOLUTE
    ../clib/microlib/printf/printf.c         0x00000000   Number         0  printf8.o ABSOLUTE
    ../clib/microlib/printf/printf.c         0x00000000   Number         0  printf5.o ABSOLUTE
    ../clib/microlib/printf/printf.c         0x00000000   Number         0  printfb.o ABSOLUTE
    ../clib/microlib/printf/printf.c         0x00000000   Number         0  printf6.o ABSOLUTE
    ../clib/microlib/printf/printf.c         0x00000000   Number         0  printf7.o ABSOLUTE
    ../clib/microlib/printf/printf.c         0x00000000   Number         0  printf3.o ABSOLUTE
    ../clib/microlib/printf/printf.c         0x00000000   Number         0  printf1.o ABSOLUTE
    ../clib/microlib/printf/printf.c         0x00000000   Number         0  printfa.o ABSOLUTE
    ../clib/microlib/printf/stubs.s          0x00000000   Number         0  stubs.o ABSOLUTE
    ../clib/microlib/stdio/streams.c         0x00000000   Number         0  stdout.o ABSOLUTE
    ../clib/microlib/string/memset.c         0x00000000   Number         0  memseta.o ABSOLUTE
    ../clib/microlib/stubs.s                 0x00000000   Number         0  iusefp.o ABSOLUTE
    ../clib/microlib/unhosted.c              0x00000000   Number         0  uread4.o ABSOLUTE
    ../fplib/microlib/fpadd.c                0x00000000   Number         0  dadd.o ABSOLUTE
    ../fplib/microlib/fpdiv.c                0x00000000   Number         0  ddiv.o ABSOLUTE
    ../fplib/microlib/fpepilogue.c           0x00000000   Number         0  depilogue.o ABSOLUTE
    ../fplib/microlib/fpfix.c                0x00000000   Number         0  dfixul.o ABSOLUTE
    ../fplib/microlib/fpflt.c                0x00000000   Number         0  dfltui.o ABSOLUTE
    ../fplib/microlib/fpmul.c                0x00000000   Number         0  dmul.o ABSOLUTE
    ..\Core\Src\EC600N.c                     0x00000000   Number         0  ec600n.o ABSOLUTE
    ..\Core\Src\RN7302.c                     0x00000000   Number         0  rn7302.o ABSOLUTE
    ..\Core\Src\gpio.c                       0x00000000   Number         0  gpio.o ABSOLUTE
    ..\Core\Src\main.c                       0x00000000   Number         0  main.o ABSOLUTE
    ..\Core\Src\spi.c                        0x00000000   Number         0  spi.o ABSOLUTE
    ..\Core\Src\stm32g0xx_hal_msp.c          0x00000000   Number         0  stm32g0xx_hal_msp.o ABSOLUTE
    ..\Core\Src\stm32g0xx_it.c               0x00000000   Number         0  stm32g0xx_it.o ABSOLUTE
    ..\Core\Src\sys.c                        0x00000000   Number         0  sys.o ABSOLUTE
    ..\Core\Src\system_stm32g0xx.c           0x00000000   Number         0  system_stm32g0xx.o ABSOLUTE
    ..\Core\Src\usart.c                      0x00000000   Number         0  usart.o ABSOLUTE
    ..\Drivers\STM32G0xx_HAL_Driver\Src\stm32g0xx_hal.c 0x00000000   Number         0  stm32g0xx_hal.o ABSOLUTE
    ..\Drivers\STM32G0xx_HAL_Driver\Src\stm32g0xx_hal_cortex.c 0x00000000   Number         0  stm32g0xx_hal_cortex.o ABSOLUTE
    ..\Drivers\STM32G0xx_HAL_Driver\Src\stm32g0xx_hal_dma.c 0x00000000   Number         0  stm32g0xx_hal_dma.o ABSOLUTE
    ..\Drivers\STM32G0xx_HAL_Driver\Src\stm32g0xx_hal_dma_ex.c 0x00000000   Number         0  stm32g0xx_hal_dma_ex.o ABSOLUTE
    ..\Drivers\STM32G0xx_HAL_Driver\Src\stm32g0xx_hal_exti.c 0x00000000   Number         0  stm32g0xx_hal_exti.o ABSOLUTE
    ..\Drivers\STM32G0xx_HAL_Driver\Src\stm32g0xx_hal_flash.c 0x00000000   Number         0  stm32g0xx_hal_flash.o ABSOLUTE
    ..\Drivers\STM32G0xx_HAL_Driver\Src\stm32g0xx_hal_flash_ex.c 0x00000000   Number         0  stm32g0xx_hal_flash_ex.o ABSOLUTE
    ..\Drivers\STM32G0xx_HAL_Driver\Src\stm32g0xx_hal_gpio.c 0x00000000   Number         0  stm32g0xx_hal_gpio.o ABSOLUTE
    ..\Drivers\STM32G0xx_HAL_Driver\Src\stm32g0xx_hal_pwr.c 0x00000000   Number         0  stm32g0xx_hal_pwr.o ABSOLUTE
    ..\Drivers\STM32G0xx_HAL_Driver\Src\stm32g0xx_hal_pwr_ex.c 0x00000000   Number         0  stm32g0xx_hal_pwr_ex.o ABSOLUTE
    ..\Drivers\STM32G0xx_HAL_Driver\Src\stm32g0xx_hal_rcc.c 0x00000000   Number         0  stm32g0xx_hal_rcc.o ABSOLUTE
    ..\Drivers\STM32G0xx_HAL_Driver\Src\stm32g0xx_hal_rcc_ex.c 0x00000000   Number         0  stm32g0xx_hal_rcc_ex.o ABSOLUTE
    ..\Drivers\STM32G0xx_HAL_Driver\Src\stm32g0xx_hal_spi.c 0x00000000   Number         0  stm32g0xx_hal_spi.o ABSOLUTE
    ..\Drivers\STM32G0xx_HAL_Driver\Src\stm32g0xx_hal_spi_ex.c 0x00000000   Number         0  stm32g0xx_hal_spi_ex.o ABSOLUTE
    ..\Drivers\STM32G0xx_HAL_Driver\Src\stm32g0xx_hal_tim.c 0x00000000   Number         0  stm32g0xx_hal_tim.o ABSOLUTE
    ..\Drivers\STM32G0xx_HAL_Driver\Src\stm32g0xx_hal_tim_ex.c 0x00000000   Number         0  stm32g0xx_hal_tim_ex.o ABSOLUTE
    ..\Drivers\STM32G0xx_HAL_Driver\Src\stm32g0xx_hal_uart.c 0x00000000   Number         0  stm32g0xx_hal_uart.o ABSOLUTE
    ..\Drivers\STM32G0xx_HAL_Driver\Src\stm32g0xx_hal_uart_ex.c 0x00000000   Number         0  stm32g0xx_hal_uart_ex.o ABSOLUTE
    ..\\Core\\Src\\EC600N.c                  0x00000000   Number         0  ec600n.o ABSOLUTE
    ..\\Core\\Src\\RN7302.c                  0x00000000   Number         0  rn7302.o ABSOLUTE
    cdrcmple.s                               0x00000000   Number         0  cdrcmple.o ABSOLUTE
    dc.s                                     0x00000000   Number         0  dc.o ABSOLUTE
    handlers.s                               0x00000000   Number         0  handlers.o ABSOLUTE
    init.s                                   0x00000000   Number         0  init.o ABSOLUTE
    startup_stm32g030xx.s                    0x00000000   Number         0  startup_stm32g030xx.o ABSOLUTE
    RESET                                    0x08000000   Section      192  startup_stm32g030xx.o(RESET)
    .ARM.Collect$$$$00000000                 0x080000c0   Section        0  entry.o(.ARM.Collect$$$$00000000)
    .ARM.Collect$$$$00000001                 0x080000c0   Section        4  entry2.o(.ARM.Collect$$$$00000001)
    .ARM.Collect$$$$00000004                 0x080000c4   Section        4  entry5.o(.ARM.Collect$$$$00000004)
    .ARM.Collect$$$$00000008                 0x080000c8   Section        0  entry7b.o(.ARM.Collect$$$$00000008)
    .ARM.Collect$$$$0000000A                 0x080000c8   Section        0  entry8b.o(.ARM.Collect$$$$0000000A)
    .ARM.Collect$$$$0000000B                 0x080000c8   Section        8  entry9a.o(.ARM.Collect$$$$0000000B)
    .ARM.Collect$$$$0000000D                 0x080000d0   Section        0  entry10a.o(.ARM.Collect$$$$0000000D)
    .ARM.Collect$$$$0000000F                 0x080000d0   Section        0  entry11a.o(.ARM.Collect$$$$0000000F)
    .ARM.Collect$$$$00002712                 0x080000d0   Section        4  entry2.o(.ARM.Collect$$$$00002712)
    __lit__00000000                          0x080000d0   Data           4  entry2.o(.ARM.Collect$$$$00002712)
    .text                                    0x080000d4   Section       28  startup_stm32g030xx.o(.text)
    .text                                    0x080000f0   Section        0  uidiv.o(.text)
    .text                                    0x0800011c   Section        0  memseta.o(.text)
    .text                                    0x08000140   Section        0  uread4.o(.text)
    .text                                    0x08000154   Section        0  ddiv.o(.text)
    .text                                    0x08000244   Section        0  dfltui.o(.text)
    .text                                    0x08000260   Section        0  uldiv.o(.text)
    .text                                    0x080002c0   Section        0  iusefp.o(.text)
    .text                                    0x080002c0   Section        0  depilogue.o(.text)
    .text                                    0x08000380   Section        0  dadd.o(.text)
    .text                                    0x080004e4   Section        0  dmul.o(.text)
    .text                                    0x080005b4   Section        0  dfixul.o(.text)
    .text                                    0x080005f4   Section       40  cdrcmple.o(.text)
    .text                                    0x0800061c   Section       36  init.o(.text)
    .text                                    0x08000640   Section        0  llshl.o(.text)
    .text                                    0x08000660   Section        0  llushr.o(.text)
    .text                                    0x08000682   Section        0  llsshr.o(.text)
    .text                                    0x080006a8   Section        0  __dczerorl2.o(.text)
    i.AdjustRegister                         0x08000700   Section        0  rn7302.o(i.AdjustRegister)
    i.Connect_AliYun                         0x08000920   Section        0  ec600n.o(i.Connect_AliYun)
    i.EnableRN7302                           0x08000954   Section        0  rn7302.o(i.EnableRN7302)
    i.Error_Handler                          0x080009c0   Section        0  main.o(i.Error_Handler)
    i.HAL_DMA_Abort_IT                       0x080009c4   Section        0  stm32g0xx_hal_dma.o(i.HAL_DMA_Abort_IT)
    i.HAL_Delay                              0x08000a44   Section        0  stm32g0xx_hal.o(i.HAL_Delay)
    i.HAL_GPIO_Init                          0x08000a68   Section        0  stm32g0xx_hal_gpio.o(i.HAL_GPIO_Init)
    i.HAL_GPIO_WritePin                      0x08000b9c   Section        0  stm32g0xx_hal_gpio.o(i.HAL_GPIO_WritePin)
    i.HAL_GetTick                            0x08000ba8   Section        0  stm32g0xx_hal.o(i.HAL_GetTick)
    i.HAL_IncTick                            0x08000bb4   Section        0  stm32g0xx_hal.o(i.HAL_IncTick)
    i.HAL_Init                               0x08000bc4   Section        0  stm32g0xx_hal.o(i.HAL_Init)
    i.HAL_InitTick                           0x08000bec   Section        0  stm32g0xx_hal.o(i.HAL_InitTick)
    i.HAL_MspInit                            0x08000c34   Section        0  stm32g0xx_hal_msp.o(i.HAL_MspInit)
    i.HAL_NVIC_EnableIRQ                     0x08000c60   Section        0  stm32g0xx_hal_cortex.o(i.HAL_NVIC_EnableIRQ)
    i.HAL_NVIC_SetPriority                   0x08000c78   Section        0  stm32g0xx_hal_cortex.o(i.HAL_NVIC_SetPriority)
    i.HAL_PWREx_ControlVoltageScaling        0x08000c80   Section        0  stm32g0xx_hal_pwr_ex.o(i.HAL_PWREx_ControlVoltageScaling)
    i.HAL_RCC_ClockConfig                    0x08000ccc   Section        0  stm32g0xx_hal_rcc.o(i.HAL_RCC_ClockConfig)
    i.HAL_RCC_GetPCLK1Freq                   0x08000e24   Section        0  stm32g0xx_hal_rcc.o(i.HAL_RCC_GetPCLK1Freq)
    i.HAL_RCC_GetSysClockFreq                0x08000e4c   Section        0  stm32g0xx_hal_rcc.o(i.HAL_RCC_GetSysClockFreq)
    i.HAL_RCC_OscConfig                      0x08000ed8   Section        0  stm32g0xx_hal_rcc.o(i.HAL_RCC_OscConfig)
    i.HAL_SPI_Init                           0x080012b8   Section        0  stm32g0xx_hal_spi.o(i.HAL_SPI_Init)
    i.HAL_SPI_MspInit                        0x08001370   Section        0  spi.o(i.HAL_SPI_MspInit)
    i.HAL_SPI_TransmitReceive                0x080013d0   Section        0  stm32g0xx_hal_spi.o(i.HAL_SPI_TransmitReceive)
    i.HAL_SYSTICK_Config                     0x0800162c   Section        0  stm32g0xx_hal_cortex.o(i.HAL_SYSTICK_Config)
    i.HAL_UARTEx_RxFifoFullCallback          0x0800165c   Section        0  stm32g0xx_hal_uart_ex.o(i.HAL_UARTEx_RxFifoFullCallback)
    i.HAL_UARTEx_TxFifoEmptyCallback         0x0800165e   Section        0  stm32g0xx_hal_uart_ex.o(i.HAL_UARTEx_TxFifoEmptyCallback)
    i.HAL_UARTEx_WakeupCallback              0x08001660   Section        0  stm32g0xx_hal_uart_ex.o(i.HAL_UARTEx_WakeupCallback)
    i.HAL_UART_ErrorCallback                 0x08001662   Section        0  stm32g0xx_hal_uart.o(i.HAL_UART_ErrorCallback)
    i.HAL_UART_IRQHandler                    0x08001664   Section        0  stm32g0xx_hal_uart.o(i.HAL_UART_IRQHandler)
    i.HAL_UART_Init                          0x080017e8   Section        0  stm32g0xx_hal_uart.o(i.HAL_UART_Init)
    i.HAL_UART_MspInit                       0x08001858   Section        0  usart.o(i.HAL_UART_MspInit)
    i.HAL_UART_Receive_IT                    0x080018c4   Section        0  stm32g0xx_hal_uart.o(i.HAL_UART_Receive_IT)
    i.HAL_UART_RxCpltCallback                0x080019d8   Section        0  usart.o(i.HAL_UART_RxCpltCallback)
    i.HAL_UART_Transmit                      0x080019fc   Section        0  stm32g0xx_hal_uart.o(i.HAL_UART_Transmit)
    i.HAL_UART_TxCpltCallback                0x08001adc   Section        0  stm32g0xx_hal_uart.o(i.HAL_UART_TxCpltCallback)
    i.HardFault_Handler                      0x08001ade   Section        0  stm32g0xx_it.o(i.HardFault_Handler)
    i.MX_GPIO_Init                           0x08001ae0   Section        0  gpio.o(i.MX_GPIO_Init)
    i.MX_SPI1_Init                           0x08001b74   Section        0  spi.o(i.MX_SPI1_Init)
    i.MX_USART2_UART_Init                    0x08001bc0   Section        0  usart.o(i.MX_USART2_UART_Init)
    i.NMI_Handler                            0x08001bfc   Section        0  stm32g0xx_it.o(i.NMI_Handler)
    i.PWK_Start                              0x08001c00   Section        0  ec600n.o(i.PWK_Start)
    i.PendSV_Handler                         0x08001c30   Section        0  stm32g0xx_it.o(i.PendSV_Handler)
    i.RN7302_Read                            0x08001c34   Section        0  spi.o(i.RN7302_Read)
    i.RN7302_Write                           0x08001cd0   Section        0  spi.o(i.RN7302_Write)
    i.SPI_EndRxTxTransaction                 0x08001d78   Section        0  stm32g0xx_hal_spi.o(i.SPI_EndRxTxTransaction)
    SPI_EndRxTxTransaction                   0x08001d79   Thumb Code    76  stm32g0xx_hal_spi.o(i.SPI_EndRxTxTransaction)
    i.SPI_WaitFifoStateUntilTimeout          0x08001dc4   Section        0  stm32g0xx_hal_spi.o(i.SPI_WaitFifoStateUntilTimeout)
    SPI_WaitFifoStateUntilTimeout            0x08001dc5   Thumb Code   144  stm32g0xx_hal_spi.o(i.SPI_WaitFifoStateUntilTimeout)
    i.SPI_WaitFlagStateUntilTimeout          0x08001e54   Section        0  stm32g0xx_hal_spi.o(i.SPI_WaitFlagStateUntilTimeout)
    SPI_WaitFlagStateUntilTimeout            0x08001e55   Thumb Code   140  stm32g0xx_hal_spi.o(i.SPI_WaitFlagStateUntilTimeout)
    i.SVC_Handler                            0x08001ee0   Section        0  stm32g0xx_it.o(i.SVC_Handler)
    i.SysTick_Handler                        0x08001ee2   Section        0  stm32g0xx_it.o(i.SysTick_Handler)
    i.SystemClock_Config                     0x08001eea   Section        0  main.o(i.SystemClock_Config)
    i.SystemInit                             0x08001f44   Section        0  system_stm32g0xx.o(i.SystemInit)
    i.UART_AdvFeatureConfig                  0x08001f54   Section        0  stm32g0xx_hal_uart.o(i.UART_AdvFeatureConfig)
    i.UART_CheckIdleState                    0x08002020   Section        0  stm32g0xx_hal_uart.o(i.UART_CheckIdleState)
    i.UART_DMAAbortOnError                   0x08002084   Section        0  stm32g0xx_hal_uart.o(i.UART_DMAAbortOnError)
    UART_DMAAbortOnError                     0x08002085   Thumb Code    20  stm32g0xx_hal_uart.o(i.UART_DMAAbortOnError)
    i.UART_EndRxTransfer                     0x08002098   Section        0  stm32g0xx_hal_uart.o(i.UART_EndRxTransfer)
    UART_EndRxTransfer                       0x08002099   Thumb Code    34  stm32g0xx_hal_uart.o(i.UART_EndRxTransfer)
    i.UART_RxISR_16BIT                       0x080020c0   Section        0  stm32g0xx_hal_uart.o(i.UART_RxISR_16BIT)
    UART_RxISR_16BIT                         0x080020c1   Thumb Code    94  stm32g0xx_hal_uart.o(i.UART_RxISR_16BIT)
    i.UART_RxISR_16BIT_FIFOEN                0x08002120   Section        0  stm32g0xx_hal_uart.o(i.UART_RxISR_16BIT_FIFOEN)
    UART_RxISR_16BIT_FIFOEN                  0x08002121   Thumb Code   150  stm32g0xx_hal_uart.o(i.UART_RxISR_16BIT_FIFOEN)
    i.UART_RxISR_8BIT                        0x080021c0   Section        0  stm32g0xx_hal_uart.o(i.UART_RxISR_8BIT)
    UART_RxISR_8BIT                          0x080021c1   Thumb Code    94  stm32g0xx_hal_uart.o(i.UART_RxISR_8BIT)
    i.UART_RxISR_8BIT_FIFOEN                 0x08002220   Section        0  stm32g0xx_hal_uart.o(i.UART_RxISR_8BIT_FIFOEN)
    UART_RxISR_8BIT_FIFOEN                   0x08002221   Thumb Code   150  stm32g0xx_hal_uart.o(i.UART_RxISR_8BIT_FIFOEN)
    i.UART_SetConfig                         0x080022c0   Section        0  stm32g0xx_hal_uart.o(i.UART_SetConfig)
    i.UART_WaitOnFlagUntilTimeout            0x080025a0   Section        0  stm32g0xx_hal_uart.o(i.UART_WaitOnFlagUntilTimeout)
    i.USART2_IRQHandler                      0x08002608   Section        0  stm32g0xx_it.o(i.USART2_IRQHandler)
    i.Usart_SendString                       0x0800263c   Section        0  usart.o(i.Usart_SendString)
    i.__0printf                              0x08002660   Section        0  printfa.o(i.__0printf)
    i.__ARM_clz                              0x08002680   Section        0  depilogue.o(i.__ARM_clz)
    i.__NVIC_SetPriority                     0x080026b0   Section        0  stm32g0xx_hal_cortex.o(i.__NVIC_SetPriority)
    __NVIC_SetPriority                       0x080026b1   Thumb Code    60  stm32g0xx_hal_cortex.o(i.__NVIC_SetPriority)
    i.__scatterload_copy                     0x080026f4   Section       14  handlers.o(i.__scatterload_copy)
    i.__scatterload_null                     0x08002702   Section        2  handlers.o(i.__scatterload_null)
    i.__scatterload_zeroinit                 0x08002704   Section       14  handlers.o(i.__scatterload_zeroinit)
    i._fp_digits                             0x08002714   Section        0  printfa.o(i._fp_digits)
    _fp_digits                               0x08002715   Thumb Code   344  printfa.o(i._fp_digits)
    i._printf_core                           0x08002888   Section        0  printfa.o(i._printf_core)
    _printf_core                             0x08002889   Thumb Code  1754  printfa.o(i._printf_core)
    i._printf_post_padding                   0x08002f74   Section        0  printfa.o(i._printf_post_padding)
    _printf_post_padding                     0x08002f75   Thumb Code    32  printfa.o(i._printf_post_padding)
    i._printf_pre_padding                    0x08002f94   Section        0  printfa.o(i._printf_pre_padding)
    _printf_pre_padding                      0x08002f95   Thumb Code    44  printfa.o(i._printf_pre_padding)
    i.delay_us                               0x08002fc0   Section        0  main.o(i.delay_us)
    i.fputc                                  0x08002fd4   Section        0  usart.o(i.fputc)
    i.main                                   0x08002fec   Section        0  main.o(i.main)
    i.readRegister                           0x0800307c   Section        0  rn7302.o(i.readRegister)
    .constdata                               0x08003278   Section       64  system_stm32g0xx.o(.constdata)
    .constdata                               0x080032b8   Section       32  system_stm32g0xx.o(.constdata)
    .data                                    0x20000000   Section      307  ec600n.o(.data)
    .data                                    0x20000134   Section       73  rn7302.o(.data)
    .data                                    0x2000017d   Section       99  main.o(.data)
    .data                                    0x200001e0   Section        1  usart.o(.data)
    .data                                    0x200001e4   Section       12  stm32g0xx_hal.o(.data)
    .data                                    0x200001f0   Section        4  system_stm32g0xx.o(.data)
    .data                                    0x200001f4   Section        4  stdout.o(.data)
    .bss                                     0x200001f8   Section      100  spi.o(.bss)
    .bss                                     0x2000025c   Section      140  usart.o(.bss)
    STACK                                    0x200002e8   Section     1024  startup_stm32g030xx.o(STACK)

    Global Symbols

    Symbol Name                              Value     Ov Type        Size  Object(Section)

    BuildAttributes$$THM_ISAv3M$S$PE$A:L22$X:L11$S22$IEEE1$IW$USESV6$~STKCKD$USESV7$~SHL$OSPACE$ROPI$EBA8$MICROLIB$REQ8$PRES8$EABIv2 0x00000000   Number         0  anon$$obj.o ABSOLUTE
    __ARM_use_no_argv                        0x00000000   Number         0  main.o ABSOLUTE
    _printf_a                                0x00000000   Number         0  stubs.o ABSOLUTE
    _printf_c                                0x00000000   Number         0  stubs.o ABSOLUTE
    _printf_charcount                        0x00000000   Number         0  stubs.o ABSOLUTE
    _printf_d                                0x00000000   Number         0  stubs.o ABSOLUTE
    _printf_e                                0x00000000   Number         0  stubs.o ABSOLUTE
    _printf_f                                0x00000000   Number         0  stubs.o ABSOLUTE
    _printf_flags                            0x00000000   Number         0  stubs.o ABSOLUTE
    _printf_fp_dec                           0x00000000   Number         0  stubs.o ABSOLUTE
    _printf_fp_hex                           0x00000000   Number         0  stubs.o ABSOLUTE
    _printf_g                                0x00000000   Number         0  stubs.o ABSOLUTE
    _printf_i                                0x00000000   Number         0  stubs.o ABSOLUTE
    _printf_int_dec                          0x00000000   Number         0  stubs.o ABSOLUTE
    _printf_l                                0x00000000   Number         0  stubs.o ABSOLUTE
    _printf_lc                               0x00000000   Number         0  stubs.o ABSOLUTE
    _printf_ll                               0x00000000   Number         0  stubs.o ABSOLUTE
    _printf_lld                              0x00000000   Number         0  stubs.o ABSOLUTE
    _printf_lli                              0x00000000   Number         0  stubs.o ABSOLUTE
    _printf_llo                              0x00000000   Number         0  stubs.o ABSOLUTE
    _printf_llu                              0x00000000   Number         0  stubs.o ABSOLUTE
    _printf_llx                              0x00000000   Number         0  stubs.o ABSOLUTE
    _printf_longlong_dec                     0x00000000   Number         0  stubs.o ABSOLUTE
    _printf_longlong_hex                     0x00000000   Number         0  stubs.o ABSOLUTE
    _printf_longlong_oct                     0x00000000   Number         0  stubs.o ABSOLUTE
    _printf_ls                               0x00000000   Number         0  stubs.o ABSOLUTE
    _printf_mbtowc                           0x00000000   Number         0  stubs.o ABSOLUTE
    _printf_n                                0x00000000   Number         0  stubs.o ABSOLUTE
    _printf_o                                0x00000000   Number         0  stubs.o ABSOLUTE
    _printf_p                                0x00000000   Number         0  stubs.o ABSOLUTE
    _printf_percent                          0x00000000   Number         0  stubs.o ABSOLUTE
    _printf_pre_padding                      0x00000000   Number         0  stubs.o ABSOLUTE
    _printf_return_value                     0x00000000   Number         0  stubs.o ABSOLUTE
    _printf_s                                0x00000000   Number         0  stubs.o ABSOLUTE
    _printf_sizespec                         0x00000000   Number         0  stubs.o ABSOLUTE
    _printf_str                              0x00000000   Number         0  stubs.o ABSOLUTE
    _printf_truncate_signed                  0x00000000   Number         0  stubs.o ABSOLUTE
    _printf_truncate_unsigned                0x00000000   Number         0  stubs.o ABSOLUTE
    _printf_u                                0x00000000   Number         0  stubs.o ABSOLUTE
    _printf_wc                               0x00000000   Number         0  stubs.o ABSOLUTE
    _printf_wctomb                           0x00000000   Number         0  stubs.o ABSOLUTE
    _printf_widthprec                        0x00000000   Number         0  stubs.o ABSOLUTE
    _printf_x                                0x00000000   Number         0  stubs.o ABSOLUTE
    __cpp_initialize__aeabi_                  - Undefined Weak Reference
    __cxa_finalize                            - Undefined Weak Reference
    _clock_init                               - Undefined Weak Reference
    _microlib_exit                            - Undefined Weak Reference
    __Vectors_Size                           0x000000c0   Number         0  startup_stm32g030xx.o ABSOLUTE
    __Vectors                                0x08000000   Data           4  startup_stm32g030xx.o(RESET)
    __Vectors_End                            0x080000c0   Data           0  startup_stm32g030xx.o(RESET)
    __main                                   0x080000c1   Thumb Code     0  entry.o(.ARM.Collect$$$$00000000)
    _main_stk                                0x080000c1   Thumb Code     0  entry2.o(.ARM.Collect$$$$00000001)
    _main_scatterload                        0x080000c5   Thumb Code     0  entry5.o(.ARM.Collect$$$$00000004)
    __main_after_scatterload                 0x080000c9   Thumb Code     0  entry5.o(.ARM.Collect$$$$00000004)
    _main_clock                              0x080000c9   Thumb Code     0  entry7b.o(.ARM.Collect$$$$00000008)
    _main_cpp_init                           0x080000c9   Thumb Code     0  entry8b.o(.ARM.Collect$$$$0000000A)
    _main_init                               0x080000c9   Thumb Code     0  entry9a.o(.ARM.Collect$$$$0000000B)
    __rt_final_cpp                           0x080000d1   Thumb Code     0  entry10a.o(.ARM.Collect$$$$0000000D)
    __rt_final_exit                          0x080000d1   Thumb Code     0  entry11a.o(.ARM.Collect$$$$0000000F)
    Reset_Handler                            0x080000d5   Thumb Code     8  startup_stm32g030xx.o(.text)
    ADC1_IRQHandler                          0x080000e7   Thumb Code     0  startup_stm32g030xx.o(.text)
    DMA1_Ch4_5_DMAMUX1_OVR_IRQHandler        0x080000e7   Thumb Code     0  startup_stm32g030xx.o(.text)
    DMA1_Channel1_IRQHandler                 0x080000e7   Thumb Code     0  startup_stm32g030xx.o(.text)
    DMA1_Channel2_3_IRQHandler               0x080000e7   Thumb Code     0  startup_stm32g030xx.o(.text)
    EXTI0_1_IRQHandler                       0x080000e7   Thumb Code     0  startup_stm32g030xx.o(.text)
    EXTI2_3_IRQHandler                       0x080000e7   Thumb Code     0  startup_stm32g030xx.o(.text)
    EXTI4_15_IRQHandler                      0x080000e7   Thumb Code     0  startup_stm32g030xx.o(.text)
    FLASH_IRQHandler                         0x080000e7   Thumb Code     0  startup_stm32g030xx.o(.text)
    I2C1_IRQHandler                          0x080000e7   Thumb Code     0  startup_stm32g030xx.o(.text)
    I2C2_IRQHandler                          0x080000e7   Thumb Code     0  startup_stm32g030xx.o(.text)
    RCC_IRQHandler                           0x080000e7   Thumb Code     0  startup_stm32g030xx.o(.text)
    RTC_TAMP_IRQHandler                      0x080000e7   Thumb Code     0  startup_stm32g030xx.o(.text)
    SPI1_IRQHandler                          0x080000e7   Thumb Code     0  startup_stm32g030xx.o(.text)
    SPI2_IRQHandler                          0x080000e7   Thumb Code     0  startup_stm32g030xx.o(.text)
    TIM14_IRQHandler                         0x080000e7   Thumb Code     0  startup_stm32g030xx.o(.text)
    TIM16_IRQHandler                         0x080000e7   Thumb Code     0  startup_stm32g030xx.o(.text)
    TIM17_IRQHandler                         0x080000e7   Thumb Code     0  startup_stm32g030xx.o(.text)
    TIM1_BRK_UP_TRG_COM_IRQHandler           0x080000e7   Thumb Code     0  startup_stm32g030xx.o(.text)
    TIM1_CC_IRQHandler                       0x080000e7   Thumb Code     0  startup_stm32g030xx.o(.text)
    TIM3_IRQHandler                          0x080000e7   Thumb Code     0  startup_stm32g030xx.o(.text)
    USART1_IRQHandler                        0x080000e7   Thumb Code     0  startup_stm32g030xx.o(.text)
    WWDG_IRQHandler                          0x080000e7   Thumb Code     0  startup_stm32g030xx.o(.text)
    __aeabi_uidiv                            0x080000f1   Thumb Code     0  uidiv.o(.text)
    __aeabi_uidivmod                         0x080000f1   Thumb Code    44  uidiv.o(.text)
    __aeabi_memset                           0x0800011d   Thumb Code    14  memseta.o(.text)
    __aeabi_memset4                          0x0800011d   Thumb Code     0  memseta.o(.text)
    __aeabi_memset8                          0x0800011d   Thumb Code     0  memseta.o(.text)
    __aeabi_memclr                           0x0800012b   Thumb Code     4  memseta.o(.text)
    __aeabi_memclr4                          0x0800012b   Thumb Code     0  memseta.o(.text)
    __aeabi_memclr8                          0x0800012b   Thumb Code     0  memseta.o(.text)
    _memset$wrapper                          0x0800012f   Thumb Code    18  memseta.o(.text)
    __aeabi_uread4                           0x08000141   Thumb Code    20  uread4.o(.text)
    __rt_uread4                              0x08000141   Thumb Code     0  uread4.o(.text)
    _uread4                                  0x08000141   Thumb Code     0  uread4.o(.text)
    __aeabi_ddiv                             0x08000155   Thumb Code   234  ddiv.o(.text)
    __aeabi_ui2d                             0x08000245   Thumb Code    24  dfltui.o(.text)
    __aeabi_uldivmod                         0x08000261   Thumb Code    96  uldiv.o(.text)
    __I$use$fp                               0x080002c1   Thumb Code     0  iusefp.o(.text)
    _double_round                            0x080002c1   Thumb Code    26  depilogue.o(.text)
    _double_epilogue                         0x080002db   Thumb Code   164  depilogue.o(.text)
    __aeabi_dadd                             0x08000381   Thumb Code   328  dadd.o(.text)
    __aeabi_dsub                             0x080004c9   Thumb Code    12  dadd.o(.text)
    __aeabi_drsub                            0x080004d5   Thumb Code    12  dadd.o(.text)
    __aeabi_dmul                             0x080004e5   Thumb Code   202  dmul.o(.text)
    __aeabi_d2ulz                            0x080005b5   Thumb Code    54  dfixul.o(.text)
    __aeabi_cdrcmple                         0x080005f5   Thumb Code    38  cdrcmple.o(.text)
    __scatterload                            0x0800061d   Thumb Code    28  init.o(.text)
    __scatterload_rt2                        0x0800061d   Thumb Code     0  init.o(.text)
    __aeabi_llsl                             0x08000641   Thumb Code    32  llshl.o(.text)
    _ll_shift_l                              0x08000641   Thumb Code     0  llshl.o(.text)
    __aeabi_llsr                             0x08000661   Thumb Code    34  llushr.o(.text)
    _ll_ushift_r                             0x08000661   Thumb Code     0  llushr.o(.text)
    __aeabi_lasr                             0x08000683   Thumb Code    38  llsshr.o(.text)
    _ll_sshift_r                             0x08000683   Thumb Code     0  llsshr.o(.text)
    __decompress                             0x080006a9   Thumb Code     0  __dczerorl2.o(.text)
    __decompress1                            0x080006a9   Thumb Code    86  __dczerorl2.o(.text)
    AdjustRegister                           0x08000701   Thumb Code   538  rn7302.o(i.AdjustRegister)
    Connect_AliYun                           0x08000921   Thumb Code    48  ec600n.o(i.Connect_AliYun)
    EnableRN7302                             0x08000955   Thumb Code   104  rn7302.o(i.EnableRN7302)
    Error_Handler                            0x080009c1   Thumb Code     2  main.o(i.Error_Handler)
    HAL_DMA_Abort_IT                         0x080009c5   Thumb Code   122  stm32g0xx_hal_dma.o(i.HAL_DMA_Abort_IT)
    HAL_Delay                                0x08000a45   Thumb Code    32  stm32g0xx_hal.o(i.HAL_Delay)
    HAL_GPIO_Init                            0x08000a69   Thumb Code   292  stm32g0xx_hal_gpio.o(i.HAL_GPIO_Init)
    HAL_GPIO_WritePin                        0x08000b9d   Thumb Code    12  stm32g0xx_hal_gpio.o(i.HAL_GPIO_WritePin)
    HAL_GetTick                              0x08000ba9   Thumb Code     6  stm32g0xx_hal.o(i.HAL_GetTick)
    HAL_IncTick                              0x08000bb5   Thumb Code    12  stm32g0xx_hal.o(i.HAL_IncTick)
    HAL_Init                                 0x08000bc5   Thumb Code    36  stm32g0xx_hal.o(i.HAL_Init)
    HAL_InitTick                             0x08000bed   Thumb Code    64  stm32g0xx_hal.o(i.HAL_InitTick)
    HAL_MspInit                              0x08000c35   Thumb Code    38  stm32g0xx_hal_msp.o(i.HAL_MspInit)
    HAL_NVIC_EnableIRQ                       0x08000c61   Thumb Code    18  stm32g0xx_hal_cortex.o(i.HAL_NVIC_EnableIRQ)
    HAL_NVIC_SetPriority                     0x08000c79   Thumb Code     8  stm32g0xx_hal_cortex.o(i.HAL_NVIC_SetPriority)
    HAL_PWREx_ControlVoltageScaling          0x08000c81   Thumb Code    62  stm32g0xx_hal_pwr_ex.o(i.HAL_PWREx_ControlVoltageScaling)
    HAL_RCC_ClockConfig                      0x08000ccd   Thumb Code   318  stm32g0xx_hal_rcc.o(i.HAL_RCC_ClockConfig)
    HAL_RCC_GetPCLK1Freq                     0x08000e25   Thumb Code    26  stm32g0xx_hal_rcc.o(i.HAL_RCC_GetPCLK1Freq)
    HAL_RCC_GetSysClockFreq                  0x08000e4d   Thumb Code   130  stm32g0xx_hal_rcc.o(i.HAL_RCC_GetSysClockFreq)
    HAL_RCC_OscConfig                        0x08000ed9   Thumb Code   954  stm32g0xx_hal_rcc.o(i.HAL_RCC_OscConfig)
    HAL_SPI_Init                             0x080012b9   Thumb Code   184  stm32g0xx_hal_spi.o(i.HAL_SPI_Init)
    HAL_SPI_MspInit                          0x08001371   Thumb Code    86  spi.o(i.HAL_SPI_MspInit)
    HAL_SPI_TransmitReceive                  0x080013d1   Thumb Code   604  stm32g0xx_hal_spi.o(i.HAL_SPI_TransmitReceive)
    HAL_SYSTICK_Config                       0x0800162d   Thumb Code    38  stm32g0xx_hal_cortex.o(i.HAL_SYSTICK_Config)
    HAL_UARTEx_RxFifoFullCallback            0x0800165d   Thumb Code     2  stm32g0xx_hal_uart_ex.o(i.HAL_UARTEx_RxFifoFullCallback)
    HAL_UARTEx_TxFifoEmptyCallback           0x0800165f   Thumb Code     2  stm32g0xx_hal_uart_ex.o(i.HAL_UARTEx_TxFifoEmptyCallback)
    HAL_UARTEx_WakeupCallback                0x08001661   Thumb Code     2  stm32g0xx_hal_uart_ex.o(i.HAL_UARTEx_WakeupCallback)
    HAL_UART_ErrorCallback                   0x08001663   Thumb Code     2  stm32g0xx_hal_uart.o(i.HAL_UART_ErrorCallback)
    HAL_UART_IRQHandler                      0x08001665   Thumb Code   380  stm32g0xx_hal_uart.o(i.HAL_UART_IRQHandler)
    HAL_UART_Init                            0x080017e9   Thumb Code   112  stm32g0xx_hal_uart.o(i.HAL_UART_Init)
    HAL_UART_MspInit                         0x08001859   Thumb Code   100  usart.o(i.HAL_UART_MspInit)
    HAL_UART_Receive_IT                      0x080018c5   Thumb Code   254  stm32g0xx_hal_uart.o(i.HAL_UART_Receive_IT)
    HAL_UART_RxCpltCallback                  0x080019d9   Thumb Code    22  usart.o(i.HAL_UART_RxCpltCallback)
    HAL_UART_Transmit                        0x080019fd   Thumb Code   224  stm32g0xx_hal_uart.o(i.HAL_UART_Transmit)
    HAL_UART_TxCpltCallback                  0x08001add   Thumb Code     2  stm32g0xx_hal_uart.o(i.HAL_UART_TxCpltCallback)
    HardFault_Handler                        0x08001adf   Thumb Code     2  stm32g0xx_it.o(i.HardFault_Handler)
    MX_GPIO_Init                             0x08001ae1   Thumb Code   134  gpio.o(i.MX_GPIO_Init)
    MX_SPI1_Init                             0x08001b75   Thumb Code    66  spi.o(i.MX_SPI1_Init)
    MX_USART2_UART_Init                      0x08001bc1   Thumb Code    50  usart.o(i.MX_USART2_UART_Init)
    NMI_Handler                              0x08001bfd   Thumb Code     2  stm32g0xx_it.o(i.NMI_Handler)
    PWK_Start                                0x08001c01   Thumb Code    44  ec600n.o(i.PWK_Start)
    PendSV_Handler                           0x08001c31   Thumb Code     2  stm32g0xx_it.o(i.PendSV_Handler)
    RN7302_Read                              0x08001c35   Thumb Code   142  spi.o(i.RN7302_Read)
    RN7302_Write                             0x08001cd1   Thumb Code   162  spi.o(i.RN7302_Write)
    SVC_Handler                              0x08001ee1   Thumb Code     2  stm32g0xx_it.o(i.SVC_Handler)
    SysTick_Handler                          0x08001ee3   Thumb Code     8  stm32g0xx_it.o(i.SysTick_Handler)
    SystemClock_Config                       0x08001eeb   Thumb Code    90  main.o(i.SystemClock_Config)
    SystemInit                               0x08001f45   Thumb Code    10  system_stm32g0xx.o(i.SystemInit)
    UART_AdvFeatureConfig                    0x08001f55   Thumb Code   202  stm32g0xx_hal_uart.o(i.UART_AdvFeatureConfig)
    UART_CheckIdleState                      0x08002021   Thumb Code    94  stm32g0xx_hal_uart.o(i.UART_CheckIdleState)
    UART_SetConfig                           0x080022c1   Thumb Code   706  stm32g0xx_hal_uart.o(i.UART_SetConfig)
    UART_WaitOnFlagUntilTimeout              0x080025a1   Thumb Code   102  stm32g0xx_hal_uart.o(i.UART_WaitOnFlagUntilTimeout)
    USART2_IRQHandler                        0x08002609   Thumb Code    38  stm32g0xx_it.o(i.USART2_IRQHandler)
    Usart_SendString                         0x0800263d   Thumb Code    32  usart.o(i.Usart_SendString)
    __0printf                                0x08002661   Thumb Code    24  printfa.o(i.__0printf)
    __1printf                                0x08002661   Thumb Code     0  printfa.o(i.__0printf)
    __2printf                                0x08002661   Thumb Code     0  printfa.o(i.__0printf)
    __c89printf                              0x08002661   Thumb Code     0  printfa.o(i.__0printf)
    printf                                   0x08002661   Thumb Code     0  printfa.o(i.__0printf)
    __ARM_clz                                0x08002681   Thumb Code    46  depilogue.o(i.__ARM_clz)
    __scatterload_copy                       0x080026f5   Thumb Code    14  handlers.o(i.__scatterload_copy)
    __scatterload_null                       0x08002703   Thumb Code     2  handlers.o(i.__scatterload_null)
    __scatterload_zeroinit                   0x08002705   Thumb Code    14  handlers.o(i.__scatterload_zeroinit)
    delay_us                                 0x08002fc1   Thumb Code    20  main.o(i.delay_us)
    fputc                                    0x08002fd5   Thumb Code    20  usart.o(i.fputc)
    main                                     0x08002fed   Thumb Code   116  main.o(i.main)
    readRegister                             0x0800307d   Thumb Code   404  rn7302.o(i.readRegister)
    AHBPrescTable                            0x08003278   Data          64  system_stm32g0xx.o(.constdata)
    APBPrescTable                            0x080032b8   Data          32  system_stm32g0xx.o(.constdata)
    Region$$Table$$Base                      0x080032d8   Number         0  anon$$obj.o(Region$$Table)
    Region$$Table$$Limit                     0x080032f8   Number         0  anon$$obj.o(Region$$Table)
    str_data2                                0x20000000   Data           3  ec600n.o(.data)
    str1                                     0x20000003   Data          82  ec600n.o(.data)
    str2                                     0x20000055   Data          59  ec600n.o(.data)
    str3                                     0x20000090   Data          24  ec600n.o(.data)
    str_post                                 0x200000a8   Data          77  ec600n.o(.data)
    str_data1                                0x200000f5   Data          62  ec600n.o(.data)
    IA                                       0x20000134   Data           2  rn7302.o(.data)
    UA                                       0x20000136   Data           2  rn7302.o(.data)
    IB                                       0x20000138   Data           2  rn7302.o(.data)
    UB                                       0x2000013a   Data           2  rn7302.o(.data)
    IC                                       0x2000013c   Data           2  rn7302.o(.data)
    UC                                       0x2000013e   Data           2  rn7302.o(.data)
    k                                        0x20000140   Data           4  rn7302.o(.data)
    temp                                     0x20000144   Data           5  rn7302.o(.data)
    sub_data                                 0x20000149   Data          52  rn7302.o(.data)
    mqtt_sub_topic                           0x2000017d   Data          50  main.o(.data)
    mqtt_pub_topic                           0x200001af   Data          49  main.o(.data)
    aRxBuffer                                0x200001e0   Data           1  usart.o(.data)
    uwTickPrio                               0x200001e4   Data           4  stm32g0xx_hal.o(.data)
    uwTickFreq                               0x200001e8   Data           4  stm32g0xx_hal.o(.data)
    uwTick                                   0x200001ec   Data           4  stm32g0xx_hal.o(.data)
    SystemCoreClock                          0x200001f0   Data           4  system_stm32g0xx.o(.data)
    __stdout                                 0x200001f4   Data           4  stdout.o(.data)
    hspi1                                    0x200001f8   Data         100  spi.o(.bss)
    huart2                                   0x2000025c   Data         140  usart.o(.bss)
    __initial_sp                             0x200006e8   Data           0  startup_stm32g030xx.o(STACK)



==============================================================================

Memory Map of the image

  Image Entry point : 0x080000c1

  Load Region LR_IROM1 (Base: 0x08000000, Size: 0x000034f0, Max: 0x00008000, ABSOLUTE, COMPRESSED[0x00003420])

    Execution Region ER_IROM1 (Exec base: 0x08000000, Load base: 0x08000000, Size: 0x000032f8, Max: 0x00008000, ABSOLUTE)

    Exec Addr    Load Addr    Size         Type   Attr      Idx    E Section Name        Object

    0x08000000   0x08000000   0x000000c0   Data   RO            3    RESET               startup_stm32g030xx.o
    0x080000c0   0x080000c0   0x00000000   Code   RO         2486  * .ARM.Collect$$$$00000000  mc_p.l(entry.o)
    0x080000c0   0x080000c0   0x00000004   Code   RO         2760    .ARM.Collect$$$$00000001  mc_p.l(entry2.o)
    0x080000c4   0x080000c4   0x00000004   Code   RO         2763    .ARM.Collect$$$$00000004  mc_p.l(entry5.o)
    0x080000c8   0x080000c8   0x00000000   Code   RO         2765    .ARM.Collect$$$$00000008  mc_p.l(entry7b.o)
    0x080000c8   0x080000c8   0x00000000   Code   RO         2767    .ARM.Collect$$$$0000000A  mc_p.l(entry8b.o)
    0x080000c8   0x080000c8   0x00000008   Code   RO         2768    .ARM.Collect$$$$0000000B  mc_p.l(entry9a.o)
    0x080000d0   0x080000d0   0x00000000   Code   RO         2770    .ARM.Collect$$$$0000000D  mc_p.l(entry10a.o)
    0x080000d0   0x080000d0   0x00000000   Code   RO         2772    .ARM.Collect$$$$0000000F  mc_p.l(entry11a.o)
    0x080000d0   0x080000d0   0x00000004   Code   RO         2761    .ARM.Collect$$$$00002712  mc_p.l(entry2.o)
    0x080000d4   0x080000d4   0x0000001c   Code   RO            4    .text               startup_stm32g030xx.o
    0x080000f0   0x080000f0   0x0000002c   Code   RO         2489    .text               mc_p.l(uidiv.o)
    0x0800011c   0x0800011c   0x00000024   Code   RO         2491    .text               mc_p.l(memseta.o)
    0x08000140   0x08000140   0x00000014   Code   RO         2754    .text               mc_p.l(uread4.o)
    0x08000154   0x08000154   0x000000f0   Code   RO         2756    .text               mf_p.l(ddiv.o)
    0x08000244   0x08000244   0x0000001c   Code   RO         2758    .text               mf_p.l(dfltui.o)
    0x08000260   0x08000260   0x00000060   Code   RO         2775    .text               mc_p.l(uldiv.o)
    0x080002c0   0x080002c0   0x00000000   Code   RO         2777    .text               mc_p.l(iusefp.o)
    0x080002c0   0x080002c0   0x000000be   Code   RO         2778    .text               mf_p.l(depilogue.o)
    0x0800037e   0x0800037e   0x00000002   PAD
    0x08000380   0x08000380   0x00000164   Code   RO         2782    .text               mf_p.l(dadd.o)
    0x080004e4   0x080004e4   0x000000d0   Code   RO         2784    .text               mf_p.l(dmul.o)
    0x080005b4   0x080005b4   0x00000040   Code   RO         2786    .text               mf_p.l(dfixul.o)
    0x080005f4   0x080005f4   0x00000028   Code   RO         2788    .text               mf_p.l(cdrcmple.o)
    0x0800061c   0x0800061c   0x00000024   Code   RO         2790    .text               mc_p.l(init.o)
    0x08000640   0x08000640   0x00000020   Code   RO         2792    .text               mc_p.l(llshl.o)
    0x08000660   0x08000660   0x00000022   Code   RO         2794    .text               mc_p.l(llushr.o)
    0x08000682   0x08000682   0x00000026   Code   RO         2796    .text               mc_p.l(llsshr.o)
    0x080006a8   0x080006a8   0x00000056   Code   RO         2806    .text               mc_p.l(__dczerorl2.o)
    0x080006fe   0x080006fe   0x00000002   PAD
    0x08000700   0x08000700   0x00000220   Code   RO          173    i.AdjustRegister    rn7302.o
    0x08000920   0x08000920   0x00000034   Code   RO           12    i.Connect_AliYun    ec600n.o
    0x08000954   0x08000954   0x0000006c   Code   RO          174    i.EnableRN7302      rn7302.o
    0x080009c0   0x080009c0   0x00000002   Code   RO          219    i.Error_Handler     main.o
    0x080009c2   0x080009c2   0x00000002   PAD
    0x080009c4   0x080009c4   0x00000080   Code   RO         1250    i.HAL_DMA_Abort_IT  stm32g0xx_hal_dma.o
    0x08000a44   0x08000a44   0x00000024   Code   RO         1706    i.HAL_Delay         stm32g0xx_hal.o
    0x08000a68   0x08000a68   0x00000134   Code   RO          498    i.HAL_GPIO_Init     stm32g0xx_hal_gpio.o
    0x08000b9c   0x08000b9c   0x0000000c   Code   RO          502    i.HAL_GPIO_WritePin  stm32g0xx_hal_gpio.o
    0x08000ba8   0x08000ba8   0x0000000c   Code   RO         1710    i.HAL_GetTick       stm32g0xx_hal.o
    0x08000bb4   0x08000bb4   0x00000010   Code   RO         1716    i.HAL_IncTick       stm32g0xx_hal.o
    0x08000bc4   0x08000bc4   0x00000028   Code   RO         1717    i.HAL_Init          stm32g0xx_hal.o
    0x08000bec   0x08000bec   0x00000048   Code   RO         1718    i.HAL_InitTick      stm32g0xx_hal.o
    0x08000c34   0x08000c34   0x0000002c   Code   RO          474    i.HAL_MspInit       stm32g0xx_hal_msp.o
    0x08000c60   0x08000c60   0x00000018   Code   RO         1594    i.HAL_NVIC_EnableIRQ  stm32g0xx_hal_cortex.o
    0x08000c78   0x08000c78   0x00000008   Code   RO         1598    i.HAL_NVIC_SetPriority  stm32g0xx_hal_cortex.o
    0x08000c80   0x08000c80   0x0000004c   Code   RO         1479    i.HAL_PWREx_ControlVoltageScaling  stm32g0xx_hal_pwr_ex.o
    0x08000ccc   0x08000ccc   0x00000158   Code   RO          906    i.HAL_RCC_ClockConfig  stm32g0xx_hal_rcc.o
    0x08000e24   0x08000e24   0x00000028   Code   RO          914    i.HAL_RCC_GetPCLK1Freq  stm32g0xx_hal_rcc.o
    0x08000e4c   0x08000e4c   0x0000008c   Code   RO          915    i.HAL_RCC_GetSysClockFreq  stm32g0xx_hal_rcc.o
    0x08000ed8   0x08000ed8   0x000003e0   Code   RO          919    i.HAL_RCC_OscConfig  stm32g0xx_hal_rcc.o
    0x080012b8   0x080012b8   0x000000b8   Code   RO          573    i.HAL_SPI_Init      stm32g0xx_hal_spi.o
    0x08001370   0x08001370   0x00000060   Code   RO          285    i.HAL_SPI_MspInit   spi.o
    0x080013d0   0x080013d0   0x0000025c   Code   RO          582    i.HAL_SPI_TransmitReceive  stm32g0xx_hal_spi.o
    0x0800162c   0x0800162c   0x00000030   Code   RO         1602    i.HAL_SYSTICK_Config  stm32g0xx_hal_cortex.o
    0x0800165c   0x0800165c   0x00000002   Code   RO         2369    i.HAL_UARTEx_RxFifoFullCallback  stm32g0xx_hal_uart_ex.o
    0x0800165e   0x0800165e   0x00000002   Code   RO         2373    i.HAL_UARTEx_TxFifoEmptyCallback  stm32g0xx_hal_uart_ex.o
    0x08001660   0x08001660   0x00000002   Code   RO         2374    i.HAL_UARTEx_WakeupCallback  stm32g0xx_hal_uart_ex.o
    0x08001662   0x08001662   0x00000002   Code   RO         2013    i.HAL_UART_ErrorCallback  stm32g0xx_hal_uart.o
    0x08001664   0x08001664   0x00000184   Code   RO         2016    i.HAL_UART_IRQHandler  stm32g0xx_hal_uart.o
    0x080017e8   0x080017e8   0x00000070   Code   RO         2017    i.HAL_UART_Init     stm32g0xx_hal_uart.o
    0x08001858   0x08001858   0x0000006c   Code   RO          358    i.HAL_UART_MspInit  usart.o
    0x080018c4   0x080018c4   0x00000114   Code   RO         2022    i.HAL_UART_Receive_IT  stm32g0xx_hal_uart.o
    0x080019d8   0x080019d8   0x00000024   Code   RO          359    i.HAL_UART_RxCpltCallback  usart.o
    0x080019fc   0x080019fc   0x000000e0   Code   RO         2025    i.HAL_UART_Transmit  stm32g0xx_hal_uart.o
    0x08001adc   0x08001adc   0x00000002   Code   RO         2028    i.HAL_UART_TxCpltCallback  stm32g0xx_hal_uart.o
    0x08001ade   0x08001ade   0x00000002   Code   RO          421    i.HardFault_Handler  stm32g0xx_it.o
    0x08001ae0   0x08001ae0   0x00000094   Code   RO          264    i.MX_GPIO_Init      gpio.o
    0x08001b74   0x08001b74   0x0000004c   Code   RO          286    i.MX_SPI1_Init      spi.o
    0x08001bc0   0x08001bc0   0x0000003c   Code   RO          360    i.MX_USART2_UART_Init  usart.o
    0x08001bfc   0x08001bfc   0x00000002   Code   RO          422    i.NMI_Handler       stm32g0xx_it.o
    0x08001bfe   0x08001bfe   0x00000002   PAD
    0x08001c00   0x08001c00   0x00000030   Code   RO           14    i.PWK_Start         ec600n.o
    0x08001c30   0x08001c30   0x00000002   Code   RO          423    i.PendSV_Handler    stm32g0xx_it.o
    0x08001c32   0x08001c32   0x00000002   PAD
    0x08001c34   0x08001c34   0x0000009c   Code   RO          287    i.RN7302_Read       spi.o
    0x08001cd0   0x08001cd0   0x000000a8   Code   RO          288    i.RN7302_Write      spi.o
    0x08001d78   0x08001d78   0x0000004c   Code   RO          611    i.SPI_EndRxTxTransaction  stm32g0xx_hal_spi.o
    0x08001dc4   0x08001dc4   0x00000090   Code   RO          616    i.SPI_WaitFifoStateUntilTimeout  stm32g0xx_hal_spi.o
    0x08001e54   0x08001e54   0x0000008c   Code   RO          617    i.SPI_WaitFlagStateUntilTimeout  stm32g0xx_hal_spi.o
    0x08001ee0   0x08001ee0   0x00000002   Code   RO          424    i.SVC_Handler       stm32g0xx_it.o
    0x08001ee2   0x08001ee2   0x00000008   Code   RO          425    i.SysTick_Handler   stm32g0xx_it.o
    0x08001eea   0x08001eea   0x0000005a   Code   RO          220    i.SystemClock_Config  main.o
    0x08001f44   0x08001f44   0x00000010   Code   RO         2455    i.SystemInit        system_stm32g0xx.o
    0x08001f54   0x08001f54   0x000000ca   Code   RO         2030    i.UART_AdvFeatureConfig  stm32g0xx_hal_uart.o
    0x0800201e   0x0800201e   0x00000002   PAD
    0x08002020   0x08002020   0x00000064   Code   RO         2031    i.UART_CheckIdleState  stm32g0xx_hal_uart.o
    0x08002084   0x08002084   0x00000014   Code   RO         2032    i.UART_DMAAbortOnError  stm32g0xx_hal_uart.o
    0x08002098   0x08002098   0x00000028   Code   RO         2042    i.UART_EndRxTransfer  stm32g0xx_hal_uart.o
    0x080020c0   0x080020c0   0x0000005e   Code   RO         2044    i.UART_RxISR_16BIT  stm32g0xx_hal_uart.o
    0x0800211e   0x0800211e   0x00000002   PAD
    0x08002120   0x08002120   0x000000a0   Code   RO         2045    i.UART_RxISR_16BIT_FIFOEN  stm32g0xx_hal_uart.o
    0x080021c0   0x080021c0   0x0000005e   Code   RO         2046    i.UART_RxISR_8BIT   stm32g0xx_hal_uart.o
    0x0800221e   0x0800221e   0x00000002   PAD
    0x08002220   0x08002220   0x000000a0   Code   RO         2047    i.UART_RxISR_8BIT_FIFOEN  stm32g0xx_hal_uart.o
    0x080022c0   0x080022c0   0x000002e0   Code   RO         2048    i.UART_SetConfig    stm32g0xx_hal_uart.o
    0x080025a0   0x080025a0   0x00000066   Code   RO         2053    i.UART_WaitOnFlagUntilTimeout  stm32g0xx_hal_uart.o
    0x08002606   0x08002606   0x00000002   PAD
    0x08002608   0x08002608   0x00000034   Code   RO          426    i.USART2_IRQHandler  stm32g0xx_it.o
    0x0800263c   0x0800263c   0x00000024   Code   RO          361    i.Usart_SendString  usart.o
    0x08002660   0x08002660   0x00000020   Code   RO         2726    i.__0printf         mc_p.l(printfa.o)
    0x08002680   0x08002680   0x0000002e   Code   RO         2780    i.__ARM_clz         mf_p.l(depilogue.o)
    0x080026ae   0x080026ae   0x00000002   PAD
    0x080026b0   0x080026b0   0x00000044   Code   RO         1604    i.__NVIC_SetPriority  stm32g0xx_hal_cortex.o
    0x080026f4   0x080026f4   0x0000000e   Code   RO         2800    i.__scatterload_copy  mc_p.l(handlers.o)
    0x08002702   0x08002702   0x00000002   Code   RO         2801    i.__scatterload_null  mc_p.l(handlers.o)
    0x08002704   0x08002704   0x0000000e   Code   RO         2802    i.__scatterload_zeroinit  mc_p.l(handlers.o)
    0x08002712   0x08002712   0x00000002   PAD
    0x08002714   0x08002714   0x00000174   Code   RO         2733    i._fp_digits        mc_p.l(printfa.o)
    0x08002888   0x08002888   0x000006ec   Code   RO         2734    i._printf_core      mc_p.l(printfa.o)
    0x08002f74   0x08002f74   0x00000020   Code   RO         2735    i._printf_post_padding  mc_p.l(printfa.o)
    0x08002f94   0x08002f94   0x0000002c   Code   RO         2736    i._printf_pre_padding  mc_p.l(printfa.o)
    0x08002fc0   0x08002fc0   0x00000014   Code   RO          221    i.delay_us          main.o
    0x08002fd4   0x08002fd4   0x00000018   Code   RO          363    i.fputc             usart.o
    0x08002fec   0x08002fec   0x00000090   Code   RO          222    i.main              main.o
    0x0800307c   0x0800307c   0x000001fc   Code   RO          175    i.readRegister      rn7302.o
    0x08003278   0x08003278   0x00000040   Data   RO         2456    .constdata          system_stm32g0xx.o
    0x080032b8   0x080032b8   0x00000020   Data   RO         2457    .constdata          system_stm32g0xx.o
    0x080032d8   0x080032d8   0x00000020   Data   RO         2798    Region$$Table       anon$$obj.o


    Execution Region RW_IRAM1 (Exec base: 0x20000000, Load base: 0x080032f8, Size: 0x000006e8, Max: 0x00002000, ABSOLUTE, COMPRESSED[0x00000128])

    Exec Addr    Load Addr    Size         Type   Attr      Idx    E Section Name        Object

    0x20000000   COMPRESSED   0x00000133   Data   RW           22    .data               ec600n.o
    0x20000133   COMPRESSED   0x00000001   PAD
    0x20000134   COMPRESSED   0x00000049   Data   RW          176    .data               rn7302.o
    0x2000017d   COMPRESSED   0x00000063   Data   RW          223    .data               main.o
    0x200001e0   COMPRESSED   0x00000001   Data   RW          366    .data               usart.o
    0x200001e1   COMPRESSED   0x00000003   PAD
    0x200001e4   COMPRESSED   0x0000000c   Data   RW         1730    .data               stm32g0xx_hal.o
    0x200001f0   COMPRESSED   0x00000004   Data   RW         2458    .data               system_stm32g0xx.o
    0x200001f4   COMPRESSED   0x00000004   Data   RW         2774    .data               mc_p.l(stdout.o)
    0x200001f8        -       0x00000064   Zero   RW          289    .bss                spi.o
    0x2000025c        -       0x0000008c   Zero   RW          364    .bss                usart.o
    0x200002e8        -       0x00000400   Zero   RW            1    STACK               startup_stm32g030xx.o


==============================================================================

Image component sizes


      Code (inc. data)   RO Data    RW Data    ZI Data      Debug   Object Name

       100          8          0        307          0     351573   ec600n.o
       148         14          0          0          0        879   gpio.o
       256         28          0         99          0       2643   main.o
      1160        114          0         73          0       2439   rn7302.o
       496         40          0          0        100       2970   spi.o
        28          8        192          0       1024        624   startup_stm32g030xx.o
       176         26          0         12          0       3777   stm32g0xx_hal.o
       148         24          0          0          0      12061   stm32g0xx_hal_cortex.o
       128          6          0          0          0       1163   stm32g0xx_hal_dma.o
       320         16          0          0          0       2204   stm32g0xx_hal_gpio.o
        44          6          0          0          0        818   stm32g0xx_hal_msp.o
        76         14          0          0          0        734   stm32g0xx_hal_pwr_ex.o
      1516         88          0          0          0      20069   stm32g0xx_hal_rcc.o
      1148          0          0          0          0       5965   stm32g0xx_hal_spi.o
      2712         92          0          0          0      13996   stm32g0xx_hal_uart.o
         6          0          0          0          0       2053   stm32g0xx_hal_uart_ex.o
        68         14          0          0          0       2595   stm32g0xx_it.o
        16          6         96          4          0       1123   system_stm32g0xx.o
       264         40          0          1        140       3199   usart.o

    ----------------------------------------------------------------------
      8824        544        320        500       1264     430885   Object Totals
         0          0         32          0          0          0   (incl. Generated)
        14          0          0          4          0          0   (incl. Padding)

    ----------------------------------------------------------------------

      Code (inc. data)   RO Data    RW Data    ZI Data      Debug   Library Member Name

        86          0          0          0          0          0   __dczerorl2.o
         0          0          0          0          0          0   entry.o
         0          0          0          0          0          0   entry10a.o
         0          0          0          0          0          0   entry11a.o
         8          4          0          0          0          0   entry2.o
         4          0          0          0          0          0   entry5.o
         0          0          0          0          0          0   entry7b.o
         0          0          0          0          0          0   entry8b.o
         8          4          0          0          0          0   entry9a.o
        30          0          0          0          0          0   handlers.o
        36          8          0          0          0         68   init.o
         0          0          0          0          0          0   iusefp.o
        32          0          0          0          0         68   llshl.o
        38          0          0          0          0         68   llsshr.o
        34          0          0          0          0         68   llushr.o
        36          0          0          0          0        100   memseta.o
      2252         98          0          0          0        412   printfa.o
         0          0          0          4          0          0   stdout.o
        44          0          0          0          0         72   uidiv.o
        96          0          0          0          0         84   uldiv.o
        20          0          0          0          0         60   uread4.o
        40          2          0          0          0         68   cdrcmple.o
       356          4          0          0          0        140   dadd.o
       240          6          0          0          0         84   ddiv.o
       236          0          0          0          0        216   depilogue.o
        64         10          0          0          0         68   dfixul.o
        28          4          0          0          0         68   dfltui.o
       208          6          0          0          0         88   dmul.o

    ----------------------------------------------------------------------
      3904        146          0          4          0       1732   Library Totals
         8          0          0          0          0          0   (incl. Padding)

    ----------------------------------------------------------------------

      Code (inc. data)   RO Data    RW Data    ZI Data      Debug   Library Name

      2724        114          0          4          0       1000   mc_p.l
      1172         32          0          0          0        732   mf_p.l

    ----------------------------------------------------------------------
      3904        146          0          4          0       1732   Library Totals

    ----------------------------------------------------------------------

==============================================================================


      Code (inc. data)   RO Data    RW Data    ZI Data      Debug   

     12728        690        320        504       1264     429181   Grand Totals
     12728        690        320        296       1264     429181   ELF Image Totals (compressed)
     12728        690        320        296          0          0   ROM Totals

==============================================================================

    Total RO  Size (Code + RO Data)                13048 (  12.74kB)
    Total RW  Size (RW Data + ZI Data)              1768 (   1.73kB)
    Total ROM Size (Code + RO Data + RW Data)      13344 (  13.03kB)

==============================================================================

